BL51 BANKED LINKER/LOCATER V6.22.2.0                                                    02/22/2021  15:08:13  PAGE 1


BL51 BANKED LINKER/LOCATER V6.22.2.0, INVOKED BY:
C:\KEIL_V5\C51\BIN\BL51.EXE .\OutPut\main.obj, .\OutPut\task1.obj, .\OutPut\task2.obj, .\OutPut\task3.obj, .\OutPut\os_c
>> ore.obj, .\OutPut\os_flag.obj, .\OutPut\os_mbox.obj, .\OutPut\os_mem.obj, .\OutPut\os_mutex.obj, .\OutPut\os_q.obj, .
>> \OutPut\os_sem.obj, .\OutPut\os_task.obj, .\OutPut\os_time.obj, .\OutPut\os_tmr.obj, .\OutPut\STARTUP.obj, .\OutPut\o
>> s_cpu_c.obj, .\OutPut\os_cpu_a.obj TO .\OutPut\uCosii_51 PRINT (.\OutPut\uCosii_51.m51) RAMSIZE (256) CODE (0X0000-0X
>> 7FFF) XDATA (0X0000-0X03FF)


MEMORY MODEL: LARGE WITH FLOATING POINT ARITHMETIC


INPUT MODULES INCLUDED:
  .\OutPut\main.obj (MAIN)
  .\OutPut\task1.obj (TASK1)
  .\OutPut\task2.obj (TASK2)
  .\OutPut\task3.obj (TASK3)
  .\OutPut\os_core.obj (OS_CORE)
  .\OutPut\os_flag.obj (OS_FLAG)
  .\OutPut\os_mbox.obj (OS_MBOX)
  .\OutPut\os_mem.obj (OS_MEM)
  .\OutPut\os_mutex.obj (OS_MUTEX)
  .\OutPut\os_q.obj (OS_Q)
  .\OutPut\os_sem.obj (OS_SEM)
  .\OutPut\os_task.obj (OS_TASK)
  .\OutPut\os_time.obj (OS_TIME)
  .\OutPut\os_tmr.obj (OS_TMR)
  .\OutPut\STARTUP.obj (?C_STARTUP)
  .\OutPut\os_cpu_c.obj (OS_CPU_C)
  .\OutPut\os_cpu_a.obj (OS_CPU_A)
  C:\KEIL_V5\C51\LIB\C51FPL.LIB (?C?FPADD)
  C:\KEIL_V5\C51\LIB\C51FPL.LIB (?C?FPDIV)
  C:\KEIL_V5\C51\LIB\C51FPL.LIB (?C?FCAST)
  C:\KEIL_V5\C51\LIB\C51FPL.LIB (?C?CASTF)
  C:\KEIL_V5\C51\LIB\C51FPL.LIB (?C?FPGETOPN)
  C:\KEIL_V5\C51\LIB\C51L.LIB (?C_INIT)
  C:\KEIL_V5\C51\LIB\C51L.LIB (?C?CLDPTR)
  C:\KEIL_V5\C51\LIB\C51L.LIB (?C?CLDOPTR)
  C:\KEIL_V5\C51\LIB\C51L.LIB (?C?CSTPTR)
  C:\KEIL_V5\C51\LIB\C51L.LIB (?C?CSTOPTR)
  C:\KEIL_V5\C51\LIB\C51L.LIB (?C?IMUL)
  C:\KEIL_V5\C51\LIB\C51L.LIB (?C?UIDIV)
  C:\KEIL_V5\C51\LIB\C51L.LIB (?C?SIDIV)
  C:\KEIL_V5\C51\LIB\C51L.LIB (?C?IILDX)
  C:\KEIL_V5\C51\LIB\C51L.LIB (?C?ILDIX)
  C:\KEIL_V5\C51\LIB\C51L.LIB (?C?ILDOPTR)
  C:\KEIL_V5\C51\LIB\C51L.LIB (?C?ISTOPTR)
  C:\KEIL_V5\C51\LIB\C51L.LIB (?C?LMUL)
  C:\KEIL_V5\C51\LIB\C51L.LIB (?C?ULDIV)
  C:\KEIL_V5\C51\LIB\C51L.LIB (?C?LNEG)
  C:\KEIL_V5\C51\LIB\C51L.LIB (?C?ULCMP)
  C:\KEIL_V5\C51\LIB\C51L.LIB (?C?LLDOPTR)
  C:\KEIL_V5\C51\LIB\C51L.LIB (?C?LSTOPTR)
  C:\KEIL_V5\C51\LIB\C51L.LIB (?C?LSTXDATA)
  C:\KEIL_V5\C51\LIB\C51L.LIB (?C?LSTKXDATA)
  C:\KEIL_V5\C51\LIB\C51L.LIB (?C?LSTKOPTR)
  C:\KEIL_V5\C51\LIB\C51L.LIB (?C?PSTPTR)
  C:\KEIL_V5\C51\LIB\C51L.LIB (?C?PLDOPTR)
  C:\KEIL_V5\C51\LIB\C51L.LIB (?C?PSTOPTR)
BL51 BANKED LINKER/LOCATER V6.22.2.0                                                  02/22/2021  15:08:13  PAGE 2


  C:\KEIL_V5\C51\LIB\C51L.LIB (?C_XBP)
  C:\KEIL_V5\C51\LIB\C51L.LIB (?C?ADDXBP)
  C:\KEIL_V5\C51\LIB\C51L.LIB (?C?XBPOFF)
  C:\KEIL_V5\C51\LIB\C51L.LIB (?C?LIMUL)
  C:\KEIL_V5\C51\LIB\C51L.LIB (?C?LLDIDATA)
  C:\KEIL_V5\C51\LIB\C51L.LIB (?C?LLDXDATA)
  C:\KEIL_V5\C51\LIB\C51L.LIB (?C?LLDPDATA)
  C:\KEIL_V5\C51\LIB\C51L.LIB (?C?LLDCODE)
  C:\KEIL_V5\C51\LIB\C51L.LIB (?C?LSTIDATA)
  C:\KEIL_V5\C51\LIB\C51L.LIB (?C?LSTPDATA)
  C:\KEIL_V5\C51\LIB\C51L.LIB (?C?LSTKIDATA)
  C:\KEIL_V5\C51\LIB\C51L.LIB (?C?LSTKPDATA)
  C:\KEIL_V5\C51\LIB\C51L.LIB (?C?PLDIDATA)
  C:\KEIL_V5\C51\LIB\C51L.LIB (?C?PSTIDATA)
  C:\KEIL_V5\C51\LIB\C51L.LIB (?C?PLDXDATA)
  C:\KEIL_V5\C51\LIB\C51L.LIB (?C?PSTXDATA)
  C:\KEIL_V5\C51\LIB\C51L.LIB (?C?PLDPDATA)
  C:\KEIL_V5\C51\LIB\C51L.LIB (?C?PSTPDATA)
  C:\KEIL_V5\C51\LIB\C51L.LIB (?C?PLDCODE)


LINK MAP OF MODULE:  .\OutPut\uCosii_51 (MAIN)


            TYPE    BASE      LENGTH    RELOCATION   SEGMENT NAME
            -----------------------------------------------------

            * * * * * * *   D A T A   M E M O R Y   * * * * * * *
            REG     0000H     0008H     ABSOLUTE     "REG BANK 0"
            DATA    0008H     0002H     UNIT         ?C?LIB_DATA
            IDATA   000AH     0009H     UNIT         ?ID?OS_CORE
                    0013H     000DH                  *** GAP ***
            BIT     0020H.0   0000H.3   UNIT         ?BI?TASK2
            BIT     0020H.3   0000H.2   UNIT         ?BI?TASK3
            BIT     0020H.5   0000H.1   UNIT         ?BI?TASK1
            BIT     0020H.6   0000H.1   UNIT         _BIT_GROUP_
                    0020H.7   0000H.1                *** GAP ***
            IDATA   0021H     0041H     UNIT         ?STACK

            * * * * * * *  X D A T A   M E M O R Y  * * * * * * *
            XDATA   0000H     01A2H     UNIT         ?XD?OS_CORE
            XDATA   01A2H     0093H     UNIT         ?XD?MAIN
            XDATA   0235H     007CH     UNIT         ?XD?TASK2
            XDATA   02B1H     0046H     UNIT         ?XD?TASK1
            XDATA   02F7H     003AH     UNIT         ?XD?TASK3
            XDATA   0331H     0008H     UNIT         _XDATA_GROUP_
                    0339H     FB47H                  *** GAP ***
            XDATA   FE80H     0001H     ABSOLUTE     
                    FE81H     0004H                  *** GAP ***
            XDATA   FE85H     0001H     ABSOLUTE     
                    FE86H     0002H                  *** GAP ***
            XDATA   FE88H     0001H     ABSOLUTE     
            XDATA   FE89H     0001H     ABSOLUTE     
            XDATA   FE8AH     0001H     ABSOLUTE     
                    FE8BH     0006H                  *** GAP ***
            XDATA   FE91H     0001H     ABSOLUTE     
            XDATA   FE92H     0001H     ABSOLUTE     
BL51 BANKED LINKER/LOCATER V6.22.2.0                                                  02/22/2021  15:08:13  PAGE 3


            XDATA   FE93H     0001H     ABSOLUTE     
            XDATA   FE94H     0001H     ABSOLUTE     
            XDATA   FE95H     0001H     ABSOLUTE     
                    FE96H     0005H                  *** GAP ***
            XDATA   FE9BH     0001H     ABSOLUTE     
                    FE9CH     0004H                  *** GAP ***
            XDATA   FEA0H     0001H     ABSOLUTE     
                    FEA1H     0001H                  *** GAP ***
            XDATA   FEA2H     0001H     ABSOLUTE     
                    FEA3H     0001H                  *** GAP ***
            XDATA   FEA4H     0001H     ABSOLUTE     
            XDATA   FEA5H     0001H     ABSOLUTE     
                    FEA6H     0001H                  *** GAP ***
            XDATA   FEA7H     0001H     ABSOLUTE     
                    FEA8H     0002H                  *** GAP ***
            XDATA   FEAAH     0001H     ABSOLUTE     
                    FEABH     0005H                  *** GAP ***
            XDATA   FEB0H     0001H     ABSOLUTE     
            XDATA   FEB1H     0001H     ABSOLUTE     
            XDATA   FEB2H     0001H     ABSOLUTE     
            XDATA   FEB3H     0001H     ABSOLUTE     
            XDATA   FEB4H     0001H     ABSOLUTE     
                    FEB5H     0003H                  *** GAP ***
            XDATA   FEB8H     0001H     ABSOLUTE     
            XDATA   FEB9H     0001H     ABSOLUTE     
            XDATA   FEBAH     0001H     ABSOLUTE     
                    FEBBH     0001H                  *** GAP ***
            XDATA   FEBCH     0001H     ABSOLUTE     
            XDATA   FEBDH     0001H     ABSOLUTE     
            XDATA   FEBEH     0001H     ABSOLUTE     
                    FEBFH     0001H                  *** GAP ***
            XDATA   FEC0H     0001H     ABSOLUTE     
                    FEC1H     000FH                  *** GAP ***
            XDATA   FED0H     0001H     ABSOLUTE     
            XDATA   FED1H     0001H     ABSOLUTE     
            XDATA   FED2H     0001H     ABSOLUTE     
            XDATA   FED3H     0001H     ABSOLUTE     
                    FED4H     000CH                  *** GAP ***
            XDATA   FEE0H     0002H     ABSOLUTE     
            XDATA   FEE2H     0002H     ABSOLUTE     
            XDATA   FEE4H     0002H     ABSOLUTE     
            XDATA   FEE6H     0002H     ABSOLUTE     
            XDATA   FEE8H     0002H     ABSOLUTE     
            XDATA   FEEAH     0002H     ABSOLUTE     
            XDATA   FEECH     0002H     ABSOLUTE     
            XDATA   FEEEH     0002H     ABSOLUTE     
                    FEF0H     0010H                  *** GAP ***
            XDATA   FF00H     0001H     ABSOLUTE     
            XDATA   FF01H     0001H     ABSOLUTE     
            XDATA   FF02H     0001H     ABSOLUTE     
            XDATA   FF03H     0001H     ABSOLUTE     
            XDATA   FF04H     0001H     ABSOLUTE     
            XDATA   FF05H     0001H     ABSOLUTE     
            XDATA   FF06H     0001H     ABSOLUTE     
            XDATA   FF07H     0001H     ABSOLUTE     
            XDATA   FF08H     0001H     ABSOLUTE     
            XDATA   FF09H     0001H     ABSOLUTE     
BL51 BANKED LINKER/LOCATER V6.22.2.0                                                  02/22/2021  15:08:13  PAGE 4


            XDATA   FF0AH     0001H     ABSOLUTE     
            XDATA   FF0BH     0001H     ABSOLUTE     
            XDATA   FF0CH     0001H     ABSOLUTE     
            XDATA   FF0DH     0001H     ABSOLUTE     
            XDATA   FF0EH     0001H     ABSOLUTE     
            XDATA   FF0FH     0001H     ABSOLUTE     
            XDATA   FF10H     0001H     ABSOLUTE     
            XDATA   FF11H     0001H     ABSOLUTE     
            XDATA   FF12H     0001H     ABSOLUTE     
            XDATA   FF13H     0001H     ABSOLUTE     
            XDATA   FF14H     0001H     ABSOLUTE     
            XDATA   FF15H     0001H     ABSOLUTE     
            XDATA   FF16H     0001H     ABSOLUTE     
            XDATA   FF17H     0001H     ABSOLUTE     
            XDATA   FF18H     0001H     ABSOLUTE     
            XDATA   FF19H     0001H     ABSOLUTE     
            XDATA   FF1AH     0001H     ABSOLUTE     
            XDATA   FF1BH     0001H     ABSOLUTE     
            XDATA   FF1CH     0001H     ABSOLUTE     
            XDATA   FF1DH     0001H     ABSOLUTE     
                    FF1EH     0022H                  *** GAP ***
            XDATA   FF40H     0001H     ABSOLUTE     
            XDATA   FF41H     0001H     ABSOLUTE     
            XDATA   FF42H     0001H     ABSOLUTE     
                    FF43H     001DH                  *** GAP ***
            XDATA   FF60H     0001H     ABSOLUTE     
            XDATA   FF61H     0001H     ABSOLUTE     
            XDATA   FF62H     0001H     ABSOLUTE     
            XDATA   FF63H     0001H     ABSOLUTE     
                    FF64H     0004H                  *** GAP ***
            XDATA   FF68H     0001H     ABSOLUTE     
            XDATA   FF69H     0001H     ABSOLUTE     
            XDATA   FF6AH     0001H     ABSOLUTE     
            XDATA   FF6BH     0001H     ABSOLUTE     
                    FF6CH     0014H                  *** GAP ***
            XDATA   FF80H     0001H     ABSOLUTE     
            XDATA   FF81H     0001H     ABSOLUTE     
                    FF82H     0001H                  *** GAP ***
            XDATA   FF83H     0001H     ABSOLUTE     
            XDATA   FF84H     0001H     ABSOLUTE     
            XDATA   FF85H     0001H     ABSOLUTE     
                    FF86H     0009H                  *** GAP ***
            XDATA   FF8FH     0001H     ABSOLUTE     
            XDATA   FF90H     0001H     ABSOLUTE     
            XDATA   FF91H     0001H     ABSOLUTE     
                    FF92H     0002H                  *** GAP ***
            XDATA   FF94H     0001H     ABSOLUTE     
            XDATA   FF95H     0001H     ABSOLUTE     
                    FF96H     0002H                  *** GAP ***
            XDATA   FF98H     0001H     ABSOLUTE     
            XDATA   FF99H     0001H     ABSOLUTE     
                    FF9AH     0002H                  *** GAP ***
            XDATA   FF9CH     0001H     ABSOLUTE     
                    FF9DH     0003H                  *** GAP ***
            XDATA   FFA0H     0001H     ABSOLUTE     
            XDATA   FFA1H     0001H     ABSOLUTE     
            XDATA   FFA2H     0001H     ABSOLUTE     
BL51 BANKED LINKER/LOCATER V6.22.2.0                                                  02/22/2021  15:08:13  PAGE 5


            XDATA   FFA3H     0001H     ABSOLUTE     
            XDATA   FFA4H     0001H     ABSOLUTE     
            XDATA   FFA5H     0001H     ABSOLUTE     
            XDATA   FFA6H     0001H     ABSOLUTE     
            XDATA   FFA7H     0001H     ABSOLUTE     
            XDATA   FFA8H     0001H     ABSOLUTE     
            XDATA   FFA9H     0001H     ABSOLUTE     

            * * * * * * *   C O D E   M E M O R Y   * * * * * * *
            CODE    0000H     0003H     ABSOLUTE     
            CODE    0003H     0001H     UNIT         ?PR?_?OS_INITEVENTLIST?OS_CORE
            CODE    0004H     0001H     UNIT         ?PR?_?OSINITHOOKBEGIN?OS_CPU_C
            CODE    0005H     0001H     UNIT         ?PR?_?OSINITHOOKEND?OS_CPU_C
            CODE    0006H     0001H     UNIT         ?PR?_?OSTASKSWHOOK?OS_CPU_C
            CODE    0007H     0001H     UNIT         ?PR?_?OSTIMETICKHOOK?OS_CPU_C
            CODE    0008H     0001H     UNIT         ?PR?_?OSTASKIDLEHOOK?OS_CPU_C
                    0009H     0002H                  *** GAP ***
            CODE    000BH     0003H     ABSOLUTE     
            CODE    000EH     0015H     UNIT         ?PR?_?OSINIT?OS_CORE
            CODE    0023H     0003H     ABSOLUTE     
            CODE    0026H     0052H     UNIT         ?PR?OSSTARTHIGHRDY?OS_CPU_A
                    0078H     0003H                  *** GAP ***
            CODE    007BH     0003H     ABSOLUTE     
            CODE    007EH     000BH     UNIT         ?PR?_DELAY_2US?OS_CPU_C
                    0089H     0002H                  *** GAP ***
            CODE    008BH     0003H     ABSOLUTE     
                    008EH     0005H                  *** GAP ***
            CODE    0093H     0003H     ABSOLUTE     
            CODE    0096H     1028H     UNIT         ?PR?F3_RUN?TASK3
            CODE    10BEH     07E6H     UNIT         ?C?LIB_CODE
            CODE    18A4H     05D4H     UNIT         ?PR?UART1_DATA?TASK1
            CODE    1E78H     0467H     UNIT         ?PR?F2_ZJ_MODE?TASK2
            CODE    22DFH     0304H     UNIT         ?C_INITSEG
            CODE    25E3H     0270H     UNIT         ?PR?TASK3
            CODE    2853H     0230H     UNIT         ?PR?TASK2
            CODE    2A83H     0214H     UNIT         ?PR?F2_ERROR?TASK2
            CODE    2C97H     01F0H     UNIT         ?PR?F2_BAT?TASK2
            CODE    2E87H     01C5H     UNIT         ?PR?_?OS_TCBINIT?OS_CORE
            CODE    304CH     01C4H     UNIT         ?PR?F2_TOUCH?TASK2
            CODE    3210H     018DH     UNIT         ?PR?_ADVANCE_L?TASK3
            CODE    339DH     0183H     UNIT         ?PR?_ADVANCE_R?TASK3
            CODE    3520H     0165H     UNIT         ?PR?F2_LEDSHOW?TASK2
            CODE    3685H     015AH     UNIT         ?PR?_?INITHARDWARE?OS_CPU_C
            CODE    37DFH     0153H     UNIT         ?PR?_?TASK2?TASK2
            CODE    3932H     0145H     UNIT         ?PR?TASK1
            CODE    3A77H     0128H     UNIT         ?PR?F2_ERROR_BUZZER?TASK2
            CODE    3B9FH     0121H     UNIT         ?PR?F2_STANDBY?TASK2
            CODE    3CC0H     00F8H     UNIT         ?PR?_?OSTASKSUSPEND?OS_TASK
            CODE    3DB8H     00EFH     UNIT         ?PR?F1_FAN_OPEN?TASK1
            CODE    3EA7H     00E6H     UNIT         ?PR?UART1_RPT?TASK1
            CODE    3F8DH     00E6H     UNIT         ?PR?_BUBBLESORT?TASK2
            CODE    4073H     00E3H     UNIT         ?PR?F3_RUN_ZJ?TASK3
            CODE    4156H     00DBH     UNIT         ?PR?F3_RUN_WIFI?TASK3
            CODE    4231H     00D5H     UNIT         ?PR?OS_CORE
            CODE    4306H     00D5H     UNIT         ?PR?_?OSTASKCREATE?OS_TASK
            CODE    43DBH     00D0H     UNIT         ?PR?_?OSTIMETICK?OS_CORE
            CODE    44ABH     00D0H     UNIT         ?PR?_?OSTASKSTKINIT?OS_CPU_C
BL51 BANKED LINKER/LOCATER V6.22.2.0                                                  02/22/2021  15:08:13  PAGE 6


            CODE    457BH     00CDH     UNIT         ?PR?_?OSTASKRESUME?OS_TASK
            CODE    4648H     00C6H     UNIT         ?PR?_?OSTIMEDLYHMSM?OS_TIME
            CODE    470EH     00C1H     UNIT         ?PR?_?OS_INITTCBLIST?OS_CORE
            CODE    47CFH     00B4H     UNIT         ?PR?_F2_DJ_MODE?TASK2
            CODE    4883H     00AEH     UNIT         ?CO?TASK1
            CODE    4931H     00AEH     UNIT         ?PR?F2_POWER?TASK2
            CODE    49DFH     00A7H     UNIT         ?PR?_?OSTIMEDLY?OS_TIME
            CODE    4A86H     00A5H     UNIT         ?PR?_F2_GET_ADC?TASK2
            CODE    4B2BH     0092H     UNIT         ?C_C51STARTUP
            CODE    4BBDH     0088H     UNIT         ?PR?OS_TASK
            CODE    4C45H     0083H     UNIT         ?PR?_?TASK1?TASK1
            CODE    4CC8H     0080H     UNIT         ?PR?P2INT_RPT?TASK3
            CODE    4D48H     006EH     UNIT         ?PR?F3_RUN_FIRST?TASK3
            CODE    4DB6H     006DH     UNIT         ?PR?OS_CPU_C
            CODE    4E23H     006CH     UNIT         ?PR?INT8_17_RPT?TASK3
            CODE    4E8FH     0067H     UNIT         ?PR?_BACK?TASK3
            CODE    4EF6H     0066H     UNIT         ?PR?OSCTXSW?OS_CPU_A
            CODE    4F5CH     0051H     UNIT         ?PR?MAIN?MAIN
            CODE    4FADH     0050H     UNIT         ?PR?_?TASK3?TASK3
            CODE    4FFDH     0044H     UNIT         ?PR?OSTICKISRUSER?OS_CPU_C
            CODE    5041H     0043H     UNIT         ?PR?_?OS_INITRDYLIST?OS_CORE
            CODE    5084H     0043H     UNIT         ?PR?_?OS_MEMCLR?OS_CORE
            CODE    50C7H     003EH     UNIT         ?PR?_?OSINTEXIT?OS_CORE
            CODE    5105H     003EH     UNIT         ?PR?OS_TIME
            CODE    5143H     0035H     UNIT         ?PR?_?OS_TASKIDLE?OS_CORE
            CODE    5178H     0032H     UNIT         ?PR?F3_STOP?TASK3
            CODE    51AAH     0030H     UNIT         ?PR?F1_TIMING_CASE?TASK1
            CODE    51DAH     0029H     UNIT         ?PR?_?OS_SCHEDNEW?OS_CORE
            CODE    5203H     0028H     UNIT         ?PR?_?OS_SCHED?OS_CORE
            CODE    522BH     0025H     UNIT         ?PR?MAIN
            CODE    5250H     0025H     UNIT         ?PR?_?OS_INITMISC?OS_CORE
            CODE    5275H     0021H     UNIT         ?PR?INITIALIZE_PWM?TASK3
            CODE    5296H     0021H     UNIT         ?PR?_?OSSTART?OS_CORE
            CODE    52B7H     001EH     UNIT         ?PR?RESET_PWM?TASK3
            CODE    52D5H     001EH     UNIT         ?PR?_?OS_INITTASKIDLE?OS_CORE
            CODE    52F3H     001AH     UNIT         ?PR?F2_BUZZER?TASK2
            CODE    530DH     0019H     UNIT         ?PR?ADC_RPT?TASK2
            CODE    5326H     0018H     UNIT         ?PR?_F2_GRLED?TASK2
            CODE    533EH     0017H     UNIT         ?PR?_?OSINTENTER?OS_CORE
            CODE    5355H     000AH     UNIT         ?PR?OSINTCTXSW?OS_CPU_A
            CODE    535FH     0009H     UNIT         ?PR?USERTICKTIMER?OS_CPU_C
            CODE    5368H     0009H     UNIT         ?PR?_?OSTASKCREATEHOOK?OS_CPU_C
            CODE    5371H     0009H     UNIT         ?PR?_?OSTCBINITHOOK?OS_CPU_C



OVERLAY MAP OF MODULE:   .\OutPut\uCosii_51 (MAIN)


SEGMENT                                    BIT_GROUP          XDATA_GROUP
  +--> CALLED SEGMENT                   START    LENGTH     START    LENGTH
---------------------------------------------------------------------------
?PR?UART1_RPT?TASK1                     -----    -----      -----    -----
  +--> ?PR?TASK1

?PR?TASK1                               -----    -----      -----    -----
  +--> ?CO?TASK1
BL51 BANKED LINKER/LOCATER V6.22.2.0                                                  02/22/2021  15:08:13  PAGE 7



*** NEW ROOT ***************************************************

?PR?INT8_17_RPT?TASK3                   -----    -----      -----    -----
  +--> ?PR?TASK3
  +--> ?PR?RESET_PWM?TASK3

?PR?RESET_PWM?TASK3                     -----    -----      -----    -----
  +--> ?PR?TASK3

*** NEW ROOT ***************************************************

?PR?P2INT_RPT?TASK3                     -----    -----      -----    -----
  +--> ?PR?TASK3
  +--> ?PR?RESET_PWM?TASK3

*** NEW ROOT ***************************************************

?C_C51STARTUP                           -----    -----      -----    -----
  +--> ?PR?MAIN?MAIN
  +--> ?C_INITSEG

?PR?MAIN?MAIN                           -----    -----      -----    -----
  +--> ?PR?_?OSINIT?OS_CORE
  +--> ?PR?_?INITHARDWARE?OS_CPU_C
  +--> ?PR?MAIN
  +--> ?PR?_?TASK1?TASK1
  +--> ?PR?_?TASK2?TASK2
  +--> ?PR?_?TASK3?TASK3
  +--> ?PR?_?OSTASKCREATE?OS_TASK
  +--> ?PR?_?OSSTART?OS_CORE

?PR?_?OSINIT?OS_CORE                    -----    -----      -----    -----
  +--> ?PR?_?OSINITHOOKBEGIN?OS_CPU_C
  +--> ?PR?_?OS_INITMISC?OS_CORE
  +--> ?PR?_?OS_INITRDYLIST?OS_CORE
  +--> ?PR?_?OS_INITTCBLIST?OS_CORE
  +--> ?PR?_?OS_INITEVENTLIST?OS_CORE
  +--> ?PR?_?OS_INITTASKIDLE?OS_CORE
  +--> ?PR?_?OSINITHOOKEND?OS_CPU_C

?PR?_?OS_INITRDYLIST?OS_CORE            -----    -----      -----    -----
  +--> ?PR?OS_CORE

?PR?_?OS_INITTCBLIST?OS_CORE            -----    -----      -----    -----
  +--> ?PR?_?OS_MEMCLR?OS_CORE
  +--> ?PR?OS_CORE

?PR?_?OS_MEMCLR?OS_CORE                 -----    -----      -----    -----
  +--> ?PR?OS_CORE

?PR?_?OS_INITTASKIDLE?OS_CORE           -----    -----      -----    -----
  +--> ?PR?OS_CORE
  +--> ?PR?_?OS_TASKIDLE?OS_CORE
  +--> ?PR?_?OSTASKCREATE?OS_TASK

?PR?_?OS_TASKIDLE?OS_CORE               -----    -----      -----    -----
BL51 BANKED LINKER/LOCATER V6.22.2.0                                                  02/22/2021  15:08:13  PAGE 8


  +--> ?PR?OS_CORE
  +--> ?PR?_?OSTASKIDLEHOOK?OS_CPU_C

?PR?_?OSTASKCREATE?OS_TASK              -----    -----      -----    -----
  +--> ?PR?OS_TASK
  +--> ?PR?_?OSTASKSTKINIT?OS_CPU_C
  +--> ?PR?_?OS_TCBINIT?OS_CORE
  +--> ?PR?_?OS_SCHED?OS_CORE

?PR?_?OSTASKSTKINIT?OS_CPU_C            -----    -----      -----    -----
  +--> ?PR?OS_CPU_C

?PR?_?OS_TCBINIT?OS_CORE                -----    -----      -----    -----
  +--> ?PR?OS_CORE
  +--> ?PR?_?OSTCBINITHOOK?OS_CPU_C
  +--> ?PR?_?OSTASKCREATEHOOK?OS_CPU_C

?PR?_?OSTCBINITHOOK?OS_CPU_C            -----    -----      -----    -----
  +--> ?PR?OS_CPU_C

?PR?_?OSTASKCREATEHOOK?OS_CPU_C         -----    -----      -----    -----
  +--> ?PR?OS_CPU_C

?PR?_?OS_SCHED?OS_CORE                  -----    -----      -----    -----
  +--> ?PR?_?OS_SCHEDNEW?OS_CORE
  +--> ?PR?OS_CORE
  +--> ?PR?OSCTXSW?OS_CPU_A

?PR?_?OS_SCHEDNEW?OS_CORE               -----    -----      -----    -----
  +--> ?PR?OS_CORE

?PR?OSCTXSW?OS_CPU_A                    -----    -----      -----    -----
  +--> ?PR?_?OSTASKSWHOOK?OS_CPU_C
  +--> ?PR?OSSTARTHIGHRDY?OS_CPU_A

?PR?OSSTARTHIGHRDY?OS_CPU_A             -----    -----      -----    -----
  +--> ?PR?_?OSTASKSWHOOK?OS_CPU_C

?PR?_?INITHARDWARE?OS_CPU_C             -----    -----      -----    -----
  +--> ?PR?_DELAY_2US?OS_CPU_C

?PR?_?TASK1?TASK1                       -----    -----      -----    -----
  +--> ?PR?_?OSTIMEDLY?OS_TIME
  +--> ?PR?UART1_DATA?TASK1
  +--> ?PR?F1_TIMING_CASE?TASK1
  +--> ?PR?F1_FAN_OPEN?TASK1

?PR?_?OSTIMEDLY?OS_TIME                 -----    -----      -----    -----
  +--> ?PR?OS_TIME
  +--> ?PR?_?OS_SCHED?OS_CORE

?PR?UART1_DATA?TASK1                    -----    -----      -----    -----
  +--> ?PR?TASK1
  +--> ?CO?TASK1
  +--> ?PR?RESET_PWM?TASK3

?PR?F1_TIMING_CASE?TASK1                -----    -----      -----    -----
BL51 BANKED LINKER/LOCATER V6.22.2.0                                                  02/22/2021  15:08:13  PAGE 9


  +--> ?PR?TASK1

?PR?F1_FAN_OPEN?TASK1                   -----    -----      -----    -----
  +--> ?PR?TASK1

?PR?_?TASK2?TASK2                       -----    -----      -----    -----
  +--> ?PR?_?OSTIMEDLY?OS_TIME
  +--> ?PR?F2_LEDSHOW?TASK2
  +--> ?PR?F2_BUZZER?TASK2
  +--> ?PR?F2_TOUCH?TASK2
  +--> ?PR?F2_STANDBY?TASK2
  +--> ?PR?F2_ZJ_MODE?TASK2
  +--> ?PR?TASK2
  +--> ?PR?_F2_GET_ADC?TASK2
  +--> ?PR?F2_ERROR?TASK2
  +--> ?PR?F2_ERROR_BUZZER?TASK2
  +--> ?PR?F2_POWER?TASK2
  +--> ?PR?F2_BAT?TASK2
  +--> ?PR?_F2_DJ_MODE?TASK2

?PR?F2_LEDSHOW?TASK2                    -----    -----      -----    -----
  +--> ?PR?_F2_GRLED?TASK2
  +--> ?PR?TASK2

?PR?F2_TOUCH?TASK2                      -----    -----      -----    -----
  +--> ?PR?TASK2

?PR?F2_STANDBY?TASK2                    -----    -----      -----    -----
  +--> ?PR?TASK2

?PR?F2_ZJ_MODE?TASK2                    -----    -----      -----    -----
  +--> ?PR?TASK2
  +--> ?PR?_F2_GRLED?TASK2

?PR?F2_ERROR?TASK2                      -----    -----      -----    -----
  +--> ?PR?TASK2

?PR?F2_ERROR_BUZZER?TASK2               -----    -----      -----    -----
  +--> ?PR?TASK2

?PR?F2_POWER?TASK2                      -----    -----      -----    -----
  +--> ?PR?TASK2

?PR?F2_BAT?TASK2                        -----    -----      -----    -----
  +--> ?PR?TASK2
  +--> ?PR?_BUBBLESORT?TASK2

?PR?_BUBBLESORT?TASK2                   -----    -----      0331H    0006H
  +--> ?PR?TASK2

?PR?_F2_DJ_MODE?TASK2                   0020H.6  0000H.1    -----    -----
  +--> ?PR?TASK2

?PR?_?TASK3?TASK3                       -----    -----      -----    -----
  +--> ?PR?INITIALIZE_PWM?TASK3
  +--> ?PR?_?OSTIMEDLY?OS_TIME
  +--> ?PR?F3_RUN_FIRST?TASK3
BL51 BANKED LINKER/LOCATER V6.22.2.0                                                  02/22/2021  15:08:13  PAGE 10


  +--> ?PR?F3_STOP?TASK3
  +--> ?PR?F3_RUN?TASK3
  +--> ?PR?F3_RUN_ZJ?TASK3
  +--> ?PR?F3_RUN_WIFI?TASK3

?PR?INITIALIZE_PWM?TASK3                -----    -----      -----    -----
  +--> ?PR?TASK3

?PR?F3_RUN_FIRST?TASK3                  -----    -----      -----    -----
  +--> ?PR?TASK3

?PR?F3_STOP?TASK3                       -----    -----      -----    -----
  +--> ?PR?TASK3
  +--> ?PR?RESET_PWM?TASK3

?PR?F3_RUN?TASK3                        -----    -----      -----    -----
  +--> ?PR?_?OSTIMEDLY?OS_TIME
  +--> ?PR?TASK3
  +--> ?PR?_ADVANCE_L?TASK3
  +--> ?PR?_ADVANCE_R?TASK3
  +--> ?PR?RESET_PWM?TASK3
  +--> ?PR?_BACK?TASK3

?PR?_ADVANCE_L?TASK3                    -----    -----      0335H    0004H
  +--> ?PR?TASK3

?PR?_ADVANCE_R?TASK3                    -----    -----      0335H    0004H
  +--> ?PR?TASK3

?PR?_BACK?TASK3                         -----    -----      0331H    0004H
  +--> ?PR?TASK3
  +--> ?PR?RESET_PWM?TASK3
  +--> ?PR?_ADVANCE_L?TASK3
  +--> ?PR?_ADVANCE_R?TASK3

?PR?F3_RUN_ZJ?TASK3                     -----    -----      -----    -----
  +--> ?PR?TASK3
  +--> ?PR?_ADVANCE_L?TASK3
  +--> ?PR?_ADVANCE_R?TASK3
  +--> ?PR?RESET_PWM?TASK3

?PR?F3_RUN_WIFI?TASK3                   -----    -----      -----    -----
  +--> ?PR?TASK3
  +--> ?PR?_ADVANCE_L?TASK3
  +--> ?PR?_ADVANCE_R?TASK3
  +--> ?PR?RESET_PWM?TASK3

?PR?_?OSSTART?OS_CORE                   -----    -----      -----    -----
  +--> ?PR?_?OS_SCHEDNEW?OS_CORE
  +--> ?PR?OS_CORE
  +--> ?PR?OSSTARTHIGHRDY?OS_CPU_A

*** NEW ROOT ***************************************************

?PR?OSTICKISRUSER?OS_CPU_C              -----    -----      -----    -----
  +--> ?PR?_?OSINTENTER?OS_CORE
  +--> ?PR?USERTICKTIMER?OS_CPU_C
BL51 BANKED LINKER/LOCATER V6.22.2.0                                                  02/22/2021  15:08:13  PAGE 11


  +--> ?PR?_?OSTIMETICK?OS_CORE
  +--> ?PR?_?OSINTEXIT?OS_CORE

?PR?_?OSTIMETICK?OS_CORE                -----    -----      -----    -----
  +--> ?PR?_?OSTIMETICKHOOK?OS_CPU_C
  +--> ?PR?OS_CORE

?PR?_?OSINTEXIT?OS_CORE                 -----    -----      -----    -----
  +--> ?PR?_?OS_SCHEDNEW?OS_CORE
  +--> ?PR?OS_CORE
  +--> ?PR?OSINTCTXSW?OS_CPU_A

?PR?OSINTCTXSW?OS_CPU_A                 -----    -----      -----    -----
  +--> ?PR?OSCTXSW?OS_CPU_A



SYMBOL TABLE OF MODULE:  .\OutPut\uCosii_51 (MAIN)

  VALUE           TYPE          NAME
  ----------------------------------

  -------         MODULE        MAIN
  C:0000H         SYMBOL        _ICE_DUMMY_
  X:FF08H         PUBLIC        P1M0
  X:FF01H         PUBLIC        P0M1
  X:FF10H         PUBLIC        P2M0
  X:FF09H         PUBLIC        P1M1
  X:FF02H         PUBLIC        P0M2
  D:0080H         PUBLIC        P0
  X:FF18H         PUBLIC        P3M0
  X:FF11H         PUBLIC        P2M1
  X:FF0AH         PUBLIC        P1M2
  X:FF03H         PUBLIC        P0M3
  D:0090H         PUBLIC        P1
  X:FF19H         PUBLIC        P3M1
  X:FF12H         PUBLIC        P2M2
  X:FF0BH         PUBLIC        P1M3
  X:FF04H         PUBLIC        P0M4
  D:00A0H         PUBLIC        P2
  X:FF1AH         PUBLIC        P3M2
  X:FF13H         PUBLIC        P2M3
  X:FF0CH         PUBLIC        P1M4
  X:FF05H         PUBLIC        P0M5
  D:00B0H         PUBLIC        P3
  X:FF1BH         PUBLIC        P3M3
  X:FF14H         PUBLIC        P2M4
  X:FF0DH         PUBLIC        P1M5
  X:FF06H         PUBLIC        P0M6
  X:FF1CH         PUBLIC        P3M4
  X:FF15H         PUBLIC        P2M5
  X:FF0EH         PUBLIC        P1M6
  X:FF07H         PUBLIC        P0M7
  X:FF1DH         PUBLIC        P3M5
  X:FF16H         PUBLIC        P2M6
  X:FF0FH         PUBLIC        P1M7
  X:FF17H         PUBLIC        P2M7
BL51 BANKED LINKER/LOCATER V6.22.2.0                                                  02/22/2021  15:08:13  PAGE 12


  X:FEC0H         PUBLIC        SCANCON
  X:FEBDH         PUBLIC        TRMEN
  X:FE94H         PUBLIC        XTALCFG
  D:00A8H         PUBLIC        IE
  D:00F8H         PUBLIC        RSTFR
  X:FF91H         PUBLIC        PWM01_MAP
  X:FF95H         PUBLIC        PWM11_MAP
  X:FFA3H         PUBLIC        SDA_MAP
  X:FF99H         PUBLIC        PWM21_MAP
  X:FEE0H         PUBLIC        SCR0
  X:FE89H         PUBLIC        S2CON2
  X:FEE2H         PUBLIC        SCR1
  X:FEE4H         PUBLIC        SCR2
  X:FEE6H         PUBLIC        SCR3
  X:FEA2H         PUBLIC        CRCC
  X:FE85H         PUBLIC        T5CON1
  X:FEE8H         PUBLIC        SCR4
  X:FEEAH         PUBLIC        SCR5
  X:FEECH         PUBLIC        SCR6
  X:FEEEH         PUBLIC        SCR7
  X:FFA5H         PUBLIC        SCK_MAP
  X:FFA2H         PUBLIC        SCL_MAP
  C:4F5CH         PUBLIC        main
  X:FEA4H         PUBLIC        BORC
  X:FFA1H         PUBLIC        RXD_MAP
  X:FEA5H         PUBLIC        BORDBC
  X:FFA0H         PUBLIC        TXD_MAP
  X:FEA7H         PUBLIC        LVDDBC
  X:FEB8H         PUBLIC        PINTE0
  X:FEB9H         PUBLIC        PINTE1
  X:FEBCH         PUBLIC        P2INTE
  X:FEBAH         PUBLIC        PINTE2
  D:0098H         PUBLIC        SCON
  D:0088H         PUBLIC        TCON
  X:FE95H         PUBLIC        SPOV_RSTEN
  X:FE9BH         PUBLIC        ADCC2
  X:FE91H         PUBLIC        CLKDIV
  D:00B8H         PUBLIC        IE1
  D:00D8H         PUBLIC        IE2
  X:FF80H         PUBLIC        T0_MAP
  X:FF81H         PUBLIC        T1_MAP
  X:FEAAH         PUBLIC        RSTDBC
  X:FF83H         PUBLIC        T3_MAP
  X:FF84H         PUBLIC        T4_MAP
  X:FF85H         PUBLIC        T5_MAP
  X:FEA0H         PUBLIC        WDTCCR
  X:FEBEH         PUBLIC        TRMV
  X:FED0H         PUBLIC        SCCH0
  X:FED1H         PUBLIC        SCCH1
  X:FED2H         PUBLIC        SCCH2
  X:FE93H         PUBLIC        CLKOUT
  X:FED3H         PUBLIC        SCCH3
  X:FFA9H         PUBLIC        RXD2_MAP
  X:FFA8H         PUBLIC        TXD2_MAP
  X:FE8AH         PUBLIC        S2BUF
  X:FF90H         PUBLIC        PWM0_MAP
  X:FFA4H         PUBLIC        SS_MAP
BL51 BANKED LINKER/LOCATER V6.22.2.0                                                  02/22/2021  15:08:13  PAGE 13


  X:FF94H         PUBLIC        PWM1_MAP
  X:FF98H         PUBLIC        PWM2_MAP
  X:FE88H         PUBLIC        S2CON
  X:FE80H         PUBLIC        TCON1
  X:FF9CH         PUBLIC        PWM3_MAP
  X:FF8FH         PUBLIC        CLKO_MAP
  X:FE92H         PUBLIC        FREQ_CLK
  X:FEB0H         PUBLIC        PITS0
  X:FEB1H         PUBLIC        PITS1
  X:FEB2H         PUBLIC        PITS2
  X:FF6BH         PUBLIC        SEGP0EN
  X:FF63H         PUBLIC        COMP0EN
  X:FEB3H         PUBLIC        PITS3
  X:FF6AH         PUBLIC        SEGP1EN
  X:FF62H         PUBLIC        COMP1EN
  X:FEB4H         PUBLIC        PITS4
  X:FF69H         PUBLIC        SEGP2EN
  X:FF61H         PUBLIC        COMP2EN
  X:FF68H         PUBLIC        SEGP3EN
  X:FF60H         PUBLIC        COMP3EN
  X:FFA7H         PUBLIC        MISO_MAP
  X:FFA6H         PUBLIC        MOSI_MAP
  X:01A2H         PUBLIC        Task1Stk
  X:FF40H         PUBLIC        P00DBC
  D:00D0H         PUBLIC        PSW
  X:01D3H         PUBLIC        Task2Stk
  X:FF41H         PUBLIC        P01DBC
  X:0204H         PUBLIC        Task3Stk
  X:FF42H         PUBLIC        P02DBC
  X:FF00H         PUBLIC        P0M0
  C:522BH         SYMBOL        Com0002
  C:522BH         SYMBOL        L?0003
  C:522DH         SYMBOL        L?0004
  -------         PROC          COM0002
  -------         ENDPROC       COM0002
  C:4FA1H         SYMBOL        L?0005
  -------         PROC          MAIN
  C:4F5CH         LINE#         18
  C:4F5CH         LINE#         19
  C:4F5CH         LINE#         20
  C:4F5FH         LINE#         21
  C:4F62H         LINE#         23
  C:4F76H         LINE#         24
  C:4F88H         LINE#         25
  C:4F9EH         LINE#         32
  C:4FA1H         LINE#         33
  -------         ENDPROC       MAIN
  -------         ENDMOD        MAIN

  -------         MODULE        TASK1
  C:0000H         SYMBOL        _ICE_DUMMY_
  D:0080H         PUBLIC        P0
  D:0090H         PUBLIC        P1
  D:00A0H         PUBLIC        P2
  C:51AAH         PUBLIC        f1_timing_case
  D:00B0H         PUBLIC        P3
  X:02B1H         PUBLIC        Buff
BL51 BANKED LINKER/LOCATER V6.22.2.0                                                  02/22/2021  15:08:13  PAGE 14


  C:3EA7H         PUBLIC        UART1_Rpt
  X:02BDH         PUBLIC        guc_Uartcnt
  X:02BEH         PUBLIC        guc_i
  D:00A8H         PUBLIC        IE
  X:02BFH         PUBLIC        f1_fj_xili1
  D:00F8H         PUBLIC        RSTFR
  X:02C3H         PUBLIC        f1_fj_xili2
  B:00B0H.3       PUBLIC        P3_3
  B:0090H.5       PUBLIC        P1_5
  X:02C4H         PUBLIC        f1_wifi_i1
  X:02C5H         PUBLIC        f1_wifi_i2
  X:02C6H         PUBLIC        f1_wifi_mode
  D:0099H         PUBLIC        SBUF
  D:00F5H         PUBLIC        PWM2DH
  D:0098H         PUBLIC        SCON
  D:0088H         PUBLIC        TCON
  C:4883H         PUBLIC        Buff1
  C:488BH         PUBLIC        Buff2
  C:4893H         PUBLIC        Buff3
  D:00F4H         PUBLIC        PWM2DL
  C:48C4H         PUBLIC        Buff4
  C:48CBH         PUBLIC        Buff5
  C:48D2H         PUBLIC        Buff6
  C:48DAH         PUBLIC        Buff7
  B:0020H.5       PUBLIC        wifi_first
  C:48E2H         PUBLIC        Buff8
  D:00B8H         PUBLIC        IE1
  X:02C7H         PUBLIC        guc_Uartbuf_a
  D:00D8H         PUBLIC        IE2
  C:3DB8H         PUBLIC        f1_fan_open
  C:4C45H         PUBLIC        _?Task1
  X:02D3H         PUBLIC        f1_wifi_num
  X:02D4H         PUBLIC        guc_Uartflag
  X:02D5H         PUBLIC        f1_i
  X:02D7H         PUBLIC        wifi_num_flag
  X:02D9H         PUBLIC        f1_fj_xili
  C:48E9H         PUBLIC        Buff10
  D:009EH         PUBLIC        SCON2
  C:4925H         PUBLIC        Buff11
  X:02DAH         PUBLIC        Buff12
  X:02E6H         PUBLIC        Buff13
  C:18A4H         PUBLIC        uart1_data
  X:02F5H         PUBLIC        f1_fj_num
  D:00D0H         PUBLIC        PSW
  C:3932H         SYMBOL        Com00CF
  C:3932H         SYMBOL        L?0208
  C:3932H         SYMBOL        L?0209
  C:3963H         SYMBOL        L?0210
  C:3964H         SYMBOL        L?0211
  C:3967H         SYMBOL        L?0212
  C:3968H         SYMBOL        L?0213
  C:396AH         SYMBOL        L?0214
  C:3972H         SYMBOL        L?0215
  C:3972H         SYMBOL        L?0216
  C:397CH         SYMBOL        L?0217
  C:397DH         SYMBOL        L?0218
  C:3988H         SYMBOL        L?0219
BL51 BANKED LINKER/LOCATER V6.22.2.0                                                  02/22/2021  15:08:13  PAGE 15


  C:398FH         SYMBOL        L?0220
  C:3992H         SYMBOL        L?0221
  C:3994H         SYMBOL        L?0222
  C:3997H         SYMBOL        L?0223
  C:39A3H         SYMBOL        L?0224
  C:39A3H         SYMBOL        L?0225
  C:39A6H         SYMBOL        L?0226
  C:39A9H         SYMBOL        L?0227
  C:39B0H         SYMBOL        L?0228
  C:39B0H         SYMBOL        L?0229
  C:39B2H         SYMBOL        L?0230
  C:39BDH         SYMBOL        L?0231
  C:39BDH         SYMBOL        L?0232
  C:39CAH         SYMBOL        L?0233
  C:39CAH         SYMBOL        L?0234
  C:39D7H         SYMBOL        L?0235
  C:39F2H         SYMBOL        L?0236
  C:39F2H         SYMBOL        L?0237
  C:39F7H         SYMBOL        L?0238
  C:39FFH         SYMBOL        L?0239
  C:39FFH         SYMBOL        L?0240
  C:3A0CH         SYMBOL        L?0241
  C:3A0CH         SYMBOL        L?0242
  C:3A0DH         SYMBOL        L?0243
  C:3A14H         SYMBOL        L?0244
  C:3A17H         SYMBOL        L?0245
  C:3A22H         SYMBOL        L?0246
  C:3A26H         SYMBOL        L?0247
  C:3A2FH         SYMBOL        L?0248
  C:3A2FH         SYMBOL        L?0249
  C:3A38H         SYMBOL        L?0250
  C:3A44H         SYMBOL        L?0251
  C:3A44H         SYMBOL        L?0252
  C:3A4BH         SYMBOL        L?0253
  C:3A4EH         SYMBOL        L?0254
  C:3A55H         SYMBOL        L?0255
  C:3A55H         SYMBOL        L?0256
  C:3A5DH         SYMBOL        L?0257
  C:3A5EH         SYMBOL        L?0258
  C:3A65H         SYMBOL        L?0259
  C:3A70H         SYMBOL        L?0260
  C:3A70H         SYMBOL        L?0261
  -------         PROC          COM00CF
  -------         ENDPROC       COM00CF
  -------         PROC          _?TASK1
  x:0000H         SYMBOL        ppdata
  C:4C45H         LINE#         47
  C:4C53H         LINE#         51
  C:4C6EH         LINE#         54
  C:4C6EH         LINE#         55
  C:4C77H         LINE#         58
  C:4C7FH         LINE#         59
  C:4C7FH         LINE#         60
  C:4C97H         LINE#         61
  C:4C97H         LINE#         63
  C:4CA3H         LINE#         64
  C:4CB3H         LINE#         66
BL51 BANKED LINKER/LOCATER V6.22.2.0                                                  02/22/2021  15:08:13  PAGE 16


  C:4CB8H         LINE#         67
  C:4CBBH         LINE#         68
  C:4CBDH         LINE#         70
  C:4CBDH         LINE#         72
  C:4CC0H         LINE#         74
  C:4CC3H         LINE#         77
  C:4CC3H         LINE#         80
  C:4CC6H         LINE#         86
  -------         ENDPROC       _?TASK1
  -------         PROC          F1_FAN_OPEN
  C:3DB8H         LINE#         92
  C:3DB8H         LINE#         93
  C:3DB8H         LINE#         94
  C:3DC7H         LINE#         95
  C:3DC7H         LINE#         96
  C:3DD3H         LINE#         97
  C:3DD8H         LINE#         98
  C:3DD8H         LINE#         101
  C:3DDEH         LINE#         102
  C:3DDEH         LINE#         104
  C:3DECH         LINE#         105
  C:3DECH         LINE#         106
  C:3DECH         LINE#         107
  C:3DF6H         LINE#         108
  C:3DF8H         LINE#         109
  C:3DF8H         LINE#         110
  C:3E02H         LINE#         111
  C:3E04H         LINE#         112
  C:3E04H         LINE#         113
  C:3E0EH         LINE#         114
  C:3E0EH         LINE#         116
  C:3E0EH         LINE#         118
  C:3E21H         LINE#         119
  C:3E26H         LINE#         120
  C:3E33H         LINE#         121
  C:3E33H         LINE#         123
  C:3E38H         LINE#         124
  C:3E4AH         LINE#         125
  C:3E4CH         LINE#         128
  C:3E56H         LINE#         131
  C:3E64H         LINE#         132
  C:3E6EH         LINE#         135
  C:3E74H         LINE#         136
  C:3E74H         LINE#         137
  C:3E74H         LINE#         138
  C:3E74H         LINE#         149
  C:3E76H         LINE#         151
  C:3E76H         LINE#         153
  C:3E7FH         LINE#         154
  C:3E8AH         LINE#         177
  C:3E8AH         LINE#         180
  C:3E98H         LINE#         181
  C:3E98H         LINE#         182
  C:3E9BH         LINE#         183
  C:3E9EH         LINE#         187
  C:3E9EH         LINE#         189
  C:3E9FH         LINE#         191
BL51 BANKED LINKER/LOCATER V6.22.2.0                                                  02/22/2021  15:08:13  PAGE 17


  C:3E9FH         LINE#         192
  C:3EA2H         LINE#         193
  C:3EA4H         LINE#         194
  C:3EA6H         LINE#         198
  C:3EA6H         LINE#         203
  -------         ENDPROC       F1_FAN_OPEN
  -------         PROC          F1_TIMING_CASE
  C:51AAH         LINE#         213
  C:51AAH         LINE#         214
  C:51AAH         LINE#         215
  C:51B8H         LINE#         216
  C:51C9H         LINE#         217
  C:51C9H         LINE#         218
  C:51CDH         LINE#         219
  C:51CDH         LINE#         220
  C:51D0H         LINE#         221
  C:51D3H         LINE#         222
  C:51D6H         LINE#         223
  C:51D9H         LINE#         225
  C:51D9H         LINE#         226
  -------         ENDPROC       F1_TIMING_CASE
  -------         PROC          UART1_DATA
  C:18A4H         LINE#         228
  C:18A4H         LINE#         229
  C:18A4H         LINE#         230
  C:18ABH         LINE#         231
  C:18ABH         LINE#         233
  C:18B1H         LINE#         234
  C:18B1H         LINE#         235
  C:18BFH         LINE#         236
  C:18BFH         LINE#         237
  C:18C6H         LINE#         238
  C:18CBH         LINE#         239
  C:18CBH         LINE#         240
  C:18D0H         LINE#         241
  C:18D0H         LINE#         242
  C:18D6H         LINE#         243
  C:18D6H         LINE#         244
  C:18DFH         LINE#         245
  C:18DFH         LINE#         246
  C:18E6H         LINE#         247
  C:18EBH         LINE#         248
  C:18EBH         LINE#         249
  C:18F0H         LINE#         250
  C:18F0H         LINE#         251
  C:18F8H         LINE#         252
  C:18F8H         LINE#         253
  C:1901H         LINE#         254
  C:1901H         LINE#         255
  C:1908H         LINE#         256
  C:190DH         LINE#         257
  C:190DH         LINE#         258
  C:1912H         LINE#         259
  C:1912H         LINE#         260
  C:1915H         LINE#         261
  C:191AH         LINE#         262
  C:191AH         LINE#         266
BL51 BANKED LINKER/LOCATER V6.22.2.0                                                  02/22/2021  15:08:13  PAGE 18


  C:1923H         LINE#         267
  C:1923H         LINE#         269
  C:1926H         LINE#         270
  C:1931H         LINE#         271
  C:1931H         LINE#         272
  C:193BH         LINE#         273
  C:193BH         LINE#         274
  C:1941H         LINE#         275
  C:1944H         LINE#         276
  C:1944H         LINE#         277
  C:1946H         LINE#         278
  C:194FH         LINE#         279
  C:194FH         LINE#         280
  C:1956H         LINE#         281
  C:195BH         LINE#         282
  C:195BH         LINE#         283
  C:1960H         LINE#         284
  C:1960H         LINE#         286
  C:1960H         LINE#         287
  C:196AH         LINE#         288
  C:196AH         LINE#         289
  C:1971H         LINE#         290
  C:1976H         LINE#         291
  C:1976H         LINE#         292
  C:197BH         LINE#         293
  C:197BH         LINE#         294
  C:197BH         LINE#         295
  C:1987H         LINE#         296
  C:1987H         LINE#         297
  C:1999H         LINE#         298
  C:1999H         LINE#         299
  C:19A0H         LINE#         300
  C:19A5H         LINE#         301
  C:19A5H         LINE#         302
  C:19AAH         LINE#         303
  C:19AAH         LINE#         304
  C:19B6H         LINE#         305
  C:19B6H         LINE#         306
  C:19BFH         LINE#         307
  C:19BFH         LINE#         308
  C:19C6H         LINE#         309
  C:19CBH         LINE#         310
  C:19CBH         LINE#         311
  C:19D0H         LINE#         312
  C:19D0H         LINE#         313
  C:19DCH         LINE#         314
  C:19DCH         LINE#         315
  C:19E5H         LINE#         316
  C:19E5H         LINE#         317
  C:19ECH         LINE#         318
  C:19F1H         LINE#         319
  C:19F1H         LINE#         320
  C:19F6H         LINE#         321
  C:19F6H         LINE#         322
  C:1A08H         LINE#         323
  C:1A08H         LINE#         324
  C:1A0BH         LINE#         325
BL51 BANKED LINKER/LOCATER V6.22.2.0                                                  02/22/2021  15:08:13  PAGE 19


  C:1A0BH         LINE#         326
  C:1A1EH         LINE#         327
  C:1A1EH         LINE#         328
  C:1A23H         LINE#         329
  C:1A23H         LINE#         336
  C:1A2CH         LINE#         337
  C:1A2CH         LINE#         338
  C:1A2FH         LINE#         339
  C:1A3BH         LINE#         340
  C:1A3BH         LINE#         341
  C:1A40H         LINE#         342
  C:1A42H         LINE#         343
  C:1A42H         LINE#         344
  C:1A45H         LINE#         345
  C:1A45H         LINE#         346
  C:1A50H         LINE#         347
  C:1A50H         LINE#         348
  C:1A56H         LINE#         349
  C:1A56H         LINE#         350
  C:1A58H         LINE#         351
  C:1A5AH         LINE#         352
  C:1A5CH         LINE#         354
  C:1A5CH         LINE#         355
  C:1A5CH         LINE#         356
  C:1A5CH         LINE#         357
  C:1A5FH         LINE#         358
  C:1A5FH         LINE#         359
  C:1A5FH         LINE#         360
  C:1A62H         LINE#         361
  C:1A62H         LINE#         363
  C:1A72H         LINE#         364
  C:1A72H         LINE#         365
  C:1A78H         LINE#         366
  C:1A78H         LINE#         367
  C:1A7BH         LINE#         368
  C:1A7DH         LINE#         369
  C:1A7FH         LINE#         371
  C:1A7FH         LINE#         372
  C:1A7FH         LINE#         373
  C:1A7FH         LINE#         374
  C:1A82H         LINE#         375
  C:1A82H         LINE#         377
  C:1A82H         LINE#         378
  C:1A85H         LINE#         379
  C:1A85H         LINE#         380
  C:1A92H         LINE#         381
  C:1A92H         LINE#         382
  C:1A92H         LINE#         383
  C:1A92H         LINE#         384
  C:1A95H         LINE#         385
  C:1A95H         LINE#         386
  C:1A98H         LINE#         387
  C:1A98H         LINE#         388
  C:1AA4H         LINE#         389
  C:1AA4H         LINE#         390
  C:1AA4H         LINE#         391
  C:1AA4H         LINE#         392
BL51 BANKED LINKER/LOCATER V6.22.2.0                                                  02/22/2021  15:08:13  PAGE 20


  C:1AA7H         LINE#         393
  C:1AA7H         LINE#         394
  C:1AAAH         LINE#         395
  C:1AAAH         LINE#         396
  C:1AB5H         LINE#         397
  C:1AB5H         LINE#         398
  C:1AB5H         LINE#         399
  C:1ABAH         LINE#         400
  C:1AC1H         LINE#         402
  C:1AC6H         LINE#         403
  C:1AC6H         LINE#         404
  C:1ACBH         LINE#         405
  C:1ACEH         LINE#         407
  C:1ACEH         LINE#         408
  C:1ADAH         LINE#         409
  C:1ADAH         LINE#         410
  C:1ADAH         LINE#         411
  C:1ADFH         LINE#         412
  C:1AE6H         LINE#         414
  C:1AEBH         LINE#         415
  C:1AEBH         LINE#         416
  C:1AF0H         LINE#         417
  C:1AF3H         LINE#         419
  C:1AF3H         LINE#         420
  C:1B01H         LINE#         421
  C:1B01H         LINE#         422
  C:1B01H         LINE#         423
  C:1B06H         LINE#         424
  C:1B0DH         LINE#         426
  C:1B12H         LINE#         427
  C:1B12H         LINE#         428
  C:1B17H         LINE#         429
  C:1B1AH         LINE#         431
  C:1B1AH         LINE#         432
  C:1B27H         LINE#         433
  C:1B27H         LINE#         434
  C:1B27H         LINE#         435
  C:1B2CH         LINE#         436
  C:1B33H         LINE#         438
  C:1B38H         LINE#         439
  C:1B38H         LINE#         440
  C:1B3DH         LINE#         441
  C:1B40H         LINE#         443
  C:1B40H         LINE#         444
  C:1B4DH         LINE#         445
  C:1B4DH         LINE#         446
  C:1B55H         LINE#         447
  C:1B55H         LINE#         448
  C:1B58H         LINE#         449
  C:1B5BH         LINE#         450
  C:1B60H         LINE#         451
  C:1B65H         LINE#         452
  C:1B67H         LINE#         453
  C:1B69H         LINE#         455
  C:1B6BH         LINE#         456
  C:1B6DH         LINE#         458
  C:1B6DH         LINE#         459
BL51 BANKED LINKER/LOCATER V6.22.2.0                                                  02/22/2021  15:08:13  PAGE 21


  C:1B70H         LINE#         460
  C:1B72H         LINE#         461
  C:1B74H         LINE#         462
  C:1B76H         LINE#         463
  C:1B76H         LINE#         464
  C:1B76H         LINE#         465
  C:1B79H         LINE#         466
  C:1B79H         LINE#         469
  C:1B79H         LINE#         470
  C:1B86H         LINE#         471
  C:1B86H         LINE#         472
  C:1B8FH         LINE#         473
  C:1B8FH         LINE#         474
  C:1B96H         LINE#         475
  C:1B9BH         LINE#         476
  C:1B9BH         LINE#         477
  C:1BA0H         LINE#         478
  C:1BA2H         LINE#         479
  C:1BA5H         LINE#         480
  C:1BA5H         LINE#         482
  C:1BB3H         LINE#         483
  C:1BB3H         LINE#         484
  C:1BBBH         LINE#         485
  C:1BBFH         LINE#         486
  C:1BC4H         LINE#         487
  C:1BCCH         LINE#         488
  C:1BCCH         LINE#         489
  C:1BD9H         LINE#         490
  C:1BDEH         LINE#         491
  C:1BDEH         LINE#         492
  C:1BE3H         LINE#         494
  C:1BE3H         LINE#         495
  C:1BE6H         LINE#         496
  C:1BE6H         LINE#         497
  C:1BE6H         LINE#         498
  C:1BE6H         LINE#         508
  C:1BE6H         LINE#         509
  C:1BE6H         LINE#         510
  C:1BE9H         LINE#         511
  C:1BECH         LINE#         512
  C:1BECH         LINE#         516
  C:1BF1H         LINE#         517
  C:1C05H         LINE#         518
  C:1C05H         LINE#         519
  C:1C09H         LINE#         520
  C:1C0DH         LINE#         521
  C:1C10H         LINE#         522
  C:1C24H         LINE#         523
  C:1C24H         LINE#         524
  C:1C32H         LINE#         525
  C:1C32H         LINE#         526
  C:1C3CH         LINE#         527
  C:1C4EH         LINE#         529
  C:1C4EH         LINE#         530
  C:1C5AH         LINE#         531
  C:1C5AH         LINE#         532
  C:1C61H         LINE#         533
BL51 BANKED LINKER/LOCATER V6.22.2.0                                                  02/22/2021  15:08:13  PAGE 22


  C:1C61H         LINE#         534
  C:1C74H         LINE#         535
  C:1C7FH         LINE#         537
  C:1C84H         LINE#         538
  C:1C8AH         LINE#         539
  C:1CA1H         LINE#         540
  C:1CA9H         LINE#         541
  C:1CA9H         LINE#         542
  C:1CB2H         LINE#         543
  C:1CB7H         LINE#         544
  C:1CB7H         LINE#         545
  C:1CBCH         LINE#         548
  C:1CBCH         LINE#         549
  C:1CC5H         LINE#         550
  C:1CC5H         LINE#         551
  C:1CCAH         LINE#         552
  C:1CD2H         LINE#         553
  C:1CDBH         LINE#         554
  C:1CE3H         LINE#         556
  C:1CE8H         LINE#         557
  C:1CE8H         LINE#         558
  C:1CEBH         LINE#         559
  C:1CF3H         LINE#         560
  C:1CF3H         LINE#         561
  C:1CFCH         LINE#         562
  C:1D01H         LINE#         563
  C:1D01H         LINE#         564
  C:1D06H         LINE#         566
  C:1D06H         LINE#         568
  C:1D0FH         LINE#         569
  C:1D0FH         LINE#         570
  C:1D14H         LINE#         571
  C:1D1CH         LINE#         572
  C:1D22H         LINE#         573
  C:1D2AH         LINE#         574
  C:1D32H         LINE#         575
  C:1D32H         LINE#         576
  C:1D47H         LINE#         577
  C:1D4FH         LINE#         579
  C:1D55H         LINE#         580
  C:1D57H         LINE#         582
  C:1D5CH         LINE#         584
  C:1D5CH         LINE#         585
  C:1D5FH         LINE#         586
  C:1D67H         LINE#         587
  C:1D67H         LINE#         588
  C:1D70H         LINE#         589
  C:1D75H         LINE#         590
  C:1D75H         LINE#         591
  C:1D7AH         LINE#         593
  C:1D7AH         LINE#         594
  C:1D82H         LINE#         595
  C:1D82H         LINE#         597
  C:1D8AH         LINE#         598
  C:1D8EH         LINE#         599
  C:1D93H         LINE#         600
  C:1DA4H         LINE#         601
BL51 BANKED LINKER/LOCATER V6.22.2.0                                                  02/22/2021  15:08:13  PAGE 23


  C:1DA4H         LINE#         602
  C:1DB1H         LINE#         603
  C:1DB6H         LINE#         604
  C:1DB6H         LINE#         605
  C:1DBBH         LINE#         634
  C:1DBBH         LINE#         635
  C:1DC7H         LINE#         636
  C:1DC7H         LINE#         637
  C:1DCFH         LINE#         638
  C:1DD8H         LINE#         639
  C:1DDEH         LINE#         640
  C:1DE7H         LINE#         641
  C:1DF2H         LINE#         642
  C:1DFAH         LINE#         643
  C:1E00H         LINE#         644
  C:1E08H         LINE#         645
  C:1E13H         LINE#         646
  C:1E1BH         LINE#         647
  C:1E21H         LINE#         648
  C:1E29H         LINE#         649
  C:1E34H         LINE#         650
  C:1E3CH         LINE#         652
  C:1E41H         LINE#         653
  C:1E41H         LINE#         654
  C:1E44H         LINE#         655
  C:1E4CH         LINE#         656
  C:1E4CH         LINE#         657
  C:1E55H         LINE#         658
  C:1E5AH         LINE#         659
  C:1E5AH         LINE#         660
  C:1E5FH         LINE#         661
  C:1E5FH         LINE#         662
  C:1E5FH         LINE#         663
  C:1E5FH         LINE#         665
  C:1E68H         LINE#         666
  C:1E71H         LINE#         667
  C:1E71H         LINE#         668
  C:1E71H         LINE#         669
  C:1E74H         LINE#         670
  C:1E77H         LINE#         671
  C:1E77H         LINE#         672
  -------         ENDPROC       UART1_DATA
  -------         PROC          UART1_RPT
  C:3EA7H         LINE#         683
  C:3EBAH         LINE#         685
  C:3EC2H         LINE#         686
  C:3EC2H         LINE#         687
  C:3EEDH         LINE#         688
  C:3EEDH         LINE#         689
  C:3F01H         LINE#         690
  C:3F1FH         LINE#         691
  C:3F1FH         LINE#         692
  C:3F22H         LINE#         693
  C:3F28H         LINE#         694
  C:3F28H         LINE#         695
  C:3F36H         LINE#         696
  C:3F36H         LINE#         697
BL51 BANKED LINKER/LOCATER V6.22.2.0                                                  02/22/2021  15:08:13  PAGE 24


  C:3F36H         LINE#         698
  C:3F39H         LINE#         699
  C:3F39H         LINE#         700
  C:3F49H         LINE#         701
  C:3F49H         LINE#         702
  C:3F49H         LINE#         703
  C:3F4CH         LINE#         704
  C:3F4CH         LINE#         705
  C:3F54H         LINE#         706
  C:3F54H         LINE#         707
  C:3F54H         LINE#         708
  C:3F57H         LINE#         709
  C:3F57H         LINE#         710
  C:3F5AH         LINE#         711
  C:3F5AH         LINE#         712
  C:3F67H         LINE#         713
  C:3F67H         LINE#         714
  C:3F6DH         LINE#         715
  C:3F73H         LINE#         716
  C:3F73H         LINE#         717
  C:3F7BH         LINE#         718
  C:3F7CH         LINE#         719
  C:3F7CH         LINE#         720
  -------         ENDPROC       UART1_RPT
  -------         ENDMOD        TASK1

  -------         MODULE        TASK2
  C:0000H         SYMBOL        _ICE_DUMMY_
  X:0235H         PUBLIC        error_xuankong
  D:0080H         PUBLIC        P0
  D:0090H         PUBLIC        P1
  X:0236H         PUBLIC        bat_i
  D:00A0H         PUBLIC        P2
  D:00B0H         PUBLIC        P3
  X:0237H         PUBLIC        TK_R_num
  X:0238H         PUBLIC        f2_kaiji
  B:0090H.3       PUBLIC        L1_touch
  X:023AH         PUBLIC        error_fengji
  X:023BH         PUBLIC        ZJ_num1
  X:023CH         PUBLIC        TK_ZJ_num1
  X:023EH         PUBLIC        ZJ_num2
  B:0090H.4       PUBLIC        R1_touch
  X:023FH         PUBLIC        f2_chongdian_jishuqi
  D:00A8H         PUBLIC        IE
  X:0243H         PUBLIC        error_dj2
  C:47CFH         PUBLIC        _f2_DJ_mode
  B:00B0H.0       PUBLIC        P3_0
  B:00A0H.1       PUBLIC        P2_1
  D:00F8H         PUBLIC        RSTFR
  B:0090H.0       PUBLIC        crash
  B:00B0H.1       PUBLIC        P3_1
  B:00B0H.2       PUBLIC        P3_2
  B:00B0H.3       PUBLIC        P3_3
  B:0090H.5       PUBLIC        P1_5
  B:0080H.6       PUBLIC        P0_6
  X:0244H         PUBLIC        BUZZER_num
  B:0080H.7       PUBLIC        P0_7
BL51 BANKED LINKER/LOCATER V6.22.2.0                                                  02/22/2021  15:08:13  PAGE 25


  C:3F8DH         PUBLIC        _bubbleSort
  C:304CH         PUBLIC        f2_touch
  X:0245H         PUBLIC        f2_mode
  X:0246H         PUBLIC        TK_ZJ
  C:1E78H         PUBLIC        f2_ZJ_MODE
  X:0247H         PUBLIC        f2_dianliang
  C:2A83H         PUBLIC        f2_error
  X:0249H         PUBLIC        f2_chongdian_flag
  X:024AH         PUBLIC        guc_AdcFlag
  C:4931H         PUBLIC        f2_power
  X:024BH         PUBLIC        error_flag
  X:024CH         PUBLIC        f2_daiji_flag1
  B:0020H.0       PUBLIC        sensor_error
  C:3A77H         PUBLIC        f2_error_buzzer
  B:00B0H.4       PUBLIC        power
  C:2C97H         PUBLIC        f2_bat
  D:0087H         PUBLIC        PCON
  X:0250H         PUBLIC        bat_i1
  X:0254H         PUBLIC        ZJ_wifi_flag
  D:00BDH         PUBLIC        WDTC
  D:0098H         PUBLIC        SCON
  D:0088H         PUBLIC        TCON
  X:0255H         PUBLIC        DJ_L_flag
  X:0257H         PUBLIC        DJ_M_flag
  X:0259H         PUBLIC        f2_dianliang_wifi
  X:025AH         PUBLIC        error_dianliang
  D:00B4H         PUBLIC        ADCC0
  X:025BH         PUBLIC        DJ_R_flag
  X:025DH         PUBLIC        f2_chongdian_jishuqi2
  D:00B8H         PUBLIC        IE1
  X:0261H         PUBLIC        bat_mode
  D:00D8H         PUBLIC        IE2
  C:4A86H         PUBLIC        _f2_Get_ADC
  C:37DFH         PUBLIC        _?Task2
  C:5326H         PUBLIC        _f2_GRled
  B:0020H.1       PUBLIC        touch_test
  X:0262H         PUBLIC        f2_ap
  X:0264H         PUBLIC        error_pengzhuang
  X:0265H         PUBLIC        f2_LED
  X:0266H         PUBLIC        TK_ZJ_L
  X:0267H         PUBLIC        error_luanzi_L
  X:0268H         PUBLIC        f2_buzzer_num
  X:026AH         PUBLIC        TK_ZJ1
  X:026BH         PUBLIC        TK_ZJ_R
  X:026CH         PUBLIC        ZJ_num
  X:026DH         PUBLIC        TK_ZJ_num
  X:026EH         PUBLIC        error_luanzi_R
  X:026FH         PUBLIC        ADC_0
  X:0271H         PUBLIC        f2_dianliang_num
  X:0272H         PUBLIC        f2_chongdian_flag1
  X:0274H         PUBLIC        ADC_1
  X:0276H         PUBLIC        ADC_2
  B:0020H.2       PUBLIC        sensor_error_dj
  X:0278H         PUBLIC        ADC_3
  X:027AH         PUBLIC        ADC_4
  X:027CH         PUBLIC        f2_wifi_num
  X:027EH         PUBLIC        ADC_5
BL51 BANKED LINKER/LOCATER V6.22.2.0                                                  02/22/2021  15:08:13  PAGE 26


  X:0280H         PUBLIC        f2_dianliang_sum
  C:52F3H         PUBLIC        f2_BUZZER
  X:0294H         PUBLIC        ADC_6
  X:0296H         PUBLIC        error_bianshua
  X:0297H         PUBLIC        ADC_7
  C:530DH         PUBLIC        ADC_Rpt
  B:00A0H.0       PUBLIC        power_enabled
  X:0299H         PUBLIC        BUZZER_flag
  X:029AH         PUBLIC        DJ_L_ADC
  X:029CH         PUBLIC        DJ_M_ADC
  X:029EH         PUBLIC        ADC_ait
  X:029FH         PUBLIC        DJ_R_ADC
  X:02A1H         PUBLIC        DJ_L_num
  X:02A2H         PUBLIC        DJ_M_num
  X:02A3H         PUBLIC        guc_Uartbuf_a1
  X:02AFH         PUBLIC        DJ_R_num
  C:3B9FH         PUBLIC        f2_standby
  C:3520H         PUBLIC        f2_ledshow
  D:00D0H         PUBLIC        PSW
  X:02B0H         PUBLIC        TK_L_num
  C:2853H         SYMBOL        Com0185
  C:2853H         SYMBOL        L?0390
  C:2856H         SYMBOL        L?0391
  C:2859H         SYMBOL        L?0392
  C:285CH         SYMBOL        L?0393
  C:285DH         SYMBOL        L?0394
  C:2864H         SYMBOL        L?0395
  C:286BH         SYMBOL        L?0396
  C:286BH         SYMBOL        L?0397
  C:286CH         SYMBOL        L?0398
  C:286EH         SYMBOL        L?0399
  C:2871H         SYMBOL        L?0400
  C:2872H         SYMBOL        L?0401
  C:2879H         SYMBOL        L?0402
  C:287EH         SYMBOL        L?0403
  C:2881H         SYMBOL        L?0404
  C:2883H         SYMBOL        L?0405
  C:2892H         SYMBOL        L?0406
  C:2892H         SYMBOL        L?0407
  C:28A1H         SYMBOL        L?0408
  C:28A4H         SYMBOL        L?0409
  C:28B1H         SYMBOL        L?0410
  C:28B1H         SYMBOL        L?0411
  C:28B4H         SYMBOL        L?0412
  C:28BCH         SYMBOL        L?0413
  C:28BCH         SYMBOL        L?0414
  C:28DDH         SYMBOL        L?0415
  C:28DDH         SYMBOL        L?0416
  C:28E8H         SYMBOL        L?0417
  C:28EFH         SYMBOL        L?0418
  C:28F7H         SYMBOL        L?0419
  C:28FAH         SYMBOL        L?0420
  C:2905H         SYMBOL        L?0421
  C:2906H         SYMBOL        L?0422
  C:290CH         SYMBOL        L?0423
  C:2913H         SYMBOL        L?0424
  C:2913H         SYMBOL        L?0425
BL51 BANKED LINKER/LOCATER V6.22.2.0                                                  02/22/2021  15:08:13  PAGE 27


  C:291BH         SYMBOL        L?0426
  C:291BH         SYMBOL        L?0427
  C:2922H         SYMBOL        L?0428
  C:2922H         SYMBOL        L?0429
  C:2925H         SYMBOL        L?0430
  C:2927H         SYMBOL        L?0431
  C:292EH         SYMBOL        L?0432
  C:292FH         SYMBOL        L?0433
  C:2935H         SYMBOL        L?0434
  C:293CH         SYMBOL        L?0435
  C:295FH         SYMBOL        L?0436
  C:2960H         SYMBOL        L?0437
  C:2966H         SYMBOL        L?0438
  C:296DH         SYMBOL        L?0439
  C:296DH         SYMBOL        L?0440
  C:2977H         SYMBOL        L?0442
  C:2983H         SYMBOL        L?0443
  C:298BH         SYMBOL        L?0444
  C:298FH         SYMBOL        L?0445
  C:2990H         SYMBOL        L?0446
  C:2997H         SYMBOL        L?0447
  C:2997H         SYMBOL        L?0448
  C:299EH         SYMBOL        L?0449
  C:29A4H         SYMBOL        L?0450
  C:29ACH         SYMBOL        L?0451
  C:29ACH         SYMBOL        L?0452
  C:29B3H         SYMBOL        L?0453
  C:29B3H         SYMBOL        L?0454
  C:29BAH         SYMBOL        L?0455
  C:29BAH         SYMBOL        L?0456
  C:29C1H         SYMBOL        L?0457
  C:29C1H         SYMBOL        L?0458
  C:29CAH         SYMBOL        L?0459
  C:29CAH         SYMBOL        L?0460
  C:29D5H         SYMBOL        L?0463
  C:29D8H         SYMBOL        L?0464
  C:29E1H         SYMBOL        L?0465
  C:29E4H         SYMBOL        L?0466
  C:29EBH         SYMBOL        L?0467
  C:29FAH         SYMBOL        L?0468
  C:2A07H         SYMBOL        L?0469
  C:2A07H         SYMBOL        L?0470
  C:2A10H         SYMBOL        L?0471
  C:2A10H         SYMBOL        L?0472
  C:2A19H         SYMBOL        L?0473
  C:2A19H         SYMBOL        L?0474
  C:2A20H         SYMBOL        L?0475
  C:2A20H         SYMBOL        L?0476
  C:2A27H         SYMBOL        L?0477
  C:2A2AH         SYMBOL        L?0478
  C:2A31H         SYMBOL        L?0479
  C:2A31H         SYMBOL        L?0480
  C:2A38H         SYMBOL        L?0481
  C:2A38H         SYMBOL        L?0482
  C:2A3FH         SYMBOL        L?0483
  C:2A4BH         SYMBOL        L?0484
  C:2A57H         SYMBOL        L?0485
BL51 BANKED LINKER/LOCATER V6.22.2.0                                                  02/22/2021  15:08:13  PAGE 28


  C:2A63H         SYMBOL        L?0486
  C:2A6FH         SYMBOL        L?0487
  C:2A79H         SYMBOL        L?0488
  -------         PROC          COM0185
  -------         ENDPROC       COM0185
  C:390EH         SYMBOL        L?0441
  C:391DH         SYMBOL        L?0461
  C:3927H         SYMBOL        L?0462
  -------         PROC          _?TASK2
  x:0000H         SYMBOL        ppdata
  C:37DFH         LINE#         95
  C:37EDH         LINE#         97
  C:3808H         LINE#         98
  C:3811H         LINE#         100
  C:3811H         LINE#         102
  C:3814H         LINE#         104
  C:3822H         LINE#         106
  C:3825H         LINE#         108
  C:3828H         LINE#         110
  C:382BH         LINE#         112
  C:382EH         LINE#         114
  C:3831H         LINE#         117
  C:3836H         LINE#         118
  C:3836H         LINE#         119
  C:383CH         LINE#         120
  C:383FH         LINE#         121
  C:384EH         LINE#         122
  C:385DH         LINE#         123
  C:386CH         LINE#         124
  C:386CH         LINE#         126
  C:3872H         LINE#         127
  C:3872H         LINE#         129
  C:3875H         LINE#         131
  C:3878H         LINE#         133
  C:387BH         LINE#         135
  C:387EH         LINE#         136
  C:387EH         LINE#         139
  C:3880H         LINE#         140
  C:3889H         LINE#         142
  C:388EH         LINE#         143
  C:388EH         LINE#         144
  C:3895H         LINE#         145
  C:3895H         LINE#         146
  C:3895H         LINE#         147
  C:3898H         LINE#         148
  C:389DH         LINE#         149
  C:389FH         LINE#         151
  C:389FH         LINE#         152
  C:38A4H         LINE#         153
  C:38A7H         LINE#         154
  C:38ADH         LINE#         155
  C:38ADH         LINE#         156
  C:38ADH         LINE#         161
  C:38C1H         LINE#         162
  C:38C1H         LINE#         164
  C:38D1H         LINE#         165
  C:38E1H         LINE#         166
BL51 BANKED LINKER/LOCATER V6.22.2.0                                                  02/22/2021  15:08:13  PAGE 29


  C:38F8H         LINE#         195
  C:38F8H         LINE#         199
  C:3906H         LINE#         200
  C:3908H         LINE#         206
  C:390BH         LINE#         207
  -------         ENDPROC       _?TASK2
  -------         PROC          F2_STANDBY
  C:3B9FH         LINE#         210
  C:3B9FH         LINE#         211
  C:3B9FH         LINE#         213
  C:3BB2H         LINE#         214
  C:3BB2H         LINE#         215
  C:3BBDH         LINE#         216
  C:3BC1H         LINE#         218
  C:3BC6H         LINE#         219
  C:3BC6H         LINE#         220
  C:3BD9H         LINE#         221
  C:3BD9H         LINE#         222
  C:3BDAH         LINE#         223
  C:3BDAH         LINE#         224
  C:3BDDH         LINE#         225
  C:3BE7H         LINE#         226
  C:3BE7H         LINE#         227
  C:3BF5H         LINE#         228
  C:3BF5H         LINE#         229
  C:3C0EH         LINE#         230
  C:3C15H         LINE#         231
  C:3C21H         LINE#         232
  C:3C25H         LINE#         234
  C:3C2AH         LINE#         235
  C:3C2AH         LINE#         236
  C:3C38H         LINE#         237
  C:3C38H         LINE#         238
  C:3C40H         LINE#         239
  C:3C40H         LINE#         240
  C:3C46H         LINE#         241
  C:3C48H         LINE#         242
  C:3C4AH         LINE#         244
  C:3C4FH         LINE#         245
  C:3C59H         LINE#         246
  C:3C59H         LINE#         247
  C:3C70H         LINE#         248
  C:3C73H         LINE#         249
  C:3C8AH         LINE#         250
  C:3C8AH         LINE#         251
  C:3C8CH         LINE#         252
  C:3C92H         LINE#         253
  C:3C9CH         LINE#         254
  C:3C9CH         LINE#         255
  C:3CA1H         LINE#         256
  C:3CA1H         LINE#         257
  C:3CA9H         LINE#         258
  C:3CACH         LINE#         259
  C:3CB5H         LINE#         260
  C:3CB5H         LINE#         261
  C:3CB8H         LINE#         262
  C:3CBAH         LINE#         263
BL51 BANKED LINKER/LOCATER V6.22.2.0                                                  02/22/2021  15:08:13  PAGE 30


  C:3CBCH         LINE#         265
  C:3CBFH         LINE#         266
  C:3CBFH         LINE#         268
  C:3CBFH         LINE#         270
  -------         ENDPROC       F2_STANDBY
  -------         PROC          F2_BAT
  C:2C97H         LINE#         273
  C:2C97H         LINE#         274
  C:2C97H         LINE#         275
  C:2CA3H         LINE#         276
  C:2CA3H         LINE#         277
  C:2CA8H         LINE#         278
  C:2CA8H         LINE#         279
  C:2CB2H         LINE#         280
  C:2CB7H         LINE#         282
  C:2CC3H         LINE#         283
  C:2CDCH         LINE#         284
  C:2CDCH         LINE#         285
  C:2CE5H         LINE#         286
  C:2CEDH         LINE#         287
  C:2CF6H         LINE#         288
  C:2CFBH         LINE#         290
  C:2D06H         LINE#         292
  C:2D06H         LINE#         294
  C:2D08H         LINE#         296
  C:2D08H         LINE#         297
  C:2D10H         LINE#         298
  C:2D10H         LINE#         299
  C:2D1AH         LINE#         300
  C:2D1FH         LINE#         302
  C:2D2AH         LINE#         303
  C:2D2AH         LINE#         306
  C:2D2AH         LINE#         307
  C:2D3BH         LINE#         308
  C:2D3EH         LINE#         309
  C:2D4FH         LINE#         310
  C:2D55H         LINE#         313
  C:2D5DH         LINE#         314
  C:2D5DH         LINE#         315
  C:2D60H         LINE#         316
  C:2D7CH         LINE#         318
  C:2D7EH         LINE#         320
  C:2D7EH         LINE#         321
  C:2D8BH         LINE#         322
  C:2D94H         LINE#         323
  C:2D99H         LINE#         324
  C:2D99H         LINE#         328
  C:2DB1H         LINE#         329
  C:2DB1H         LINE#         330
  C:2DBEH         LINE#         331
  C:2DC1H         LINE#         332
  C:2DC3H         LINE#         334
  C:2DC3H         LINE#         338
  C:2DC8H         LINE#         340
  C:2DC8H         LINE#         341
  C:2DD5H         LINE#         342
  C:2DD5H         LINE#         343
BL51 BANKED LINKER/LOCATER V6.22.2.0                                                  02/22/2021  15:08:13  PAGE 31


  C:2DD7H         LINE#         344
  C:2DDDH         LINE#         345
  C:2DDEH         LINE#         346
  C:2DDEH         LINE#         347
  C:2DE1H         LINE#         348
  C:2DE1H         LINE#         350
  C:2DE9H         LINE#         351
  C:2DE9H         LINE#         353
  C:2DEDH         LINE#         355
  C:2DFCH         LINE#         356
  C:2E0CH         LINE#         358
  C:2E12H         LINE#         360
  C:2E1AH         LINE#         361
  C:2E1AH         LINE#         362
  C:2E1DH         LINE#         363
  C:2E1DH         LINE#         364
  C:2E36H         LINE#         365
  C:2E4EH         LINE#         366
  C:2E50H         LINE#         368
  C:2E5AH         LINE#         369
  C:2E66H         LINE#         370
  C:2E66H         LINE#         371
  C:2E6CH         LINE#         372
  C:2E76H         LINE#         373
  C:2E76H         LINE#         374
  C:2E76H         LINE#         375
  C:2E7EH         LINE#         376
  C:2E7EH         LINE#         377
  C:2E86H         LINE#         378
  C:2E86H         LINE#         384
  C:2E86H         LINE#         387
  C:2E86H         LINE#         389
  -------         ENDPROC       F2_BAT
  -------         PROC          F2_POWER
  C:4931H         LINE#         394
  C:4931H         LINE#         395
  C:4931H         LINE#         397
  C:493DH         LINE#         398
  C:493DH         LINE#         399
  C:4946H         LINE#         400
  C:4946H         LINE#         401
  C:494BH         LINE#         402
  C:4951H         LINE#         403
  C:4958H         LINE#         404
  C:4962H         LINE#         405
  C:4962H         LINE#         406
  C:496AH         LINE#         407
  C:496AH         LINE#         408
  C:496EH         LINE#         409
  C:4973H         LINE#         410
  C:4975H         LINE#         411
  C:4977H         LINE#         412
  C:4979H         LINE#         413
  C:497BH         LINE#         414
  C:4980H         LINE#         415
  C:4980H         LINE#         416
  C:4983H         LINE#         417
BL51 BANKED LINKER/LOCATER V6.22.2.0                                                  02/22/2021  15:08:13  PAGE 32


  C:498BH         LINE#         418
  C:4990H         LINE#         419
  C:4993H         LINE#         420
  C:4999H         LINE#         421
  C:4999H         LINE#         423
  C:4999H         LINE#         425
  C:49A5H         LINE#         426
  C:49A5H         LINE#         427
  C:49ADH         LINE#         428
  C:49ADH         LINE#         429
  C:49AFH         LINE#         430
  C:49AFH         LINE#         431
  C:49B2H         LINE#         432
  C:49B6H         LINE#         433
  C:49B6H         LINE#         434
  C:49BEH         LINE#         435
  C:49BEH         LINE#         436
  C:49C1H         LINE#         437
  C:49C4H         LINE#         438
  C:49C4H         LINE#         439
  C:49CAH         LINE#         440
  C:49D4H         LINE#         441
  C:49D9H         LINE#         442
  C:49DBH         LINE#         443
  C:49DBH         LINE#         444
  C:49DEH         LINE#         445
  C:49DEH         LINE#         446
  C:49DEH         LINE#         447
  C:49DEH         LINE#         449
  -------         ENDPROC       F2_POWER
  -------         PROC          F2_TOUCH
  C:304CH         LINE#         466
  C:304CH         LINE#         467
  C:304CH         LINE#         468
  C:3055H         LINE#         469
  C:3055H         LINE#         470
  C:305DH         LINE#         471
  C:305DH         LINE#         472
  C:3060H         LINE#         473
  C:3060H         LINE#         474
  C:3060H         LINE#         475
  C:3069H         LINE#         476
  C:3069H         LINE#         477
  C:3071H         LINE#         478
  C:3071H         LINE#         479
  C:3074H         LINE#         480
  C:3074H         LINE#         481
  C:3089H         LINE#         482
  C:3097H         LINE#         483
  C:30A5H         LINE#         484
  C:30A5H         LINE#         485
  C:30AFH         LINE#         486
  C:30B5H         LINE#         487
  C:30B7H         LINE#         488
  C:30BAH         LINE#         489
  C:30C0H         LINE#         490
  C:30C0H         LINE#         491
BL51 BANKED LINKER/LOCATER V6.22.2.0                                                  02/22/2021  15:08:13  PAGE 33


  C:30C6H         LINE#         492
  C:30C6H         LINE#         493
  C:30D0H         LINE#         494
  C:30D5H         LINE#         495
  C:30D5H         LINE#         496
  C:30D8H         LINE#         498
  C:30D8H         LINE#         500
  C:30D8H         LINE#         501
  C:30E0H         LINE#         502
  C:30E0H         LINE#         503
  C:30E8H         LINE#         504
  C:30E8H         LINE#         505
  C:30F2H         LINE#         506
  C:30F2H         LINE#         507
  C:30F6H         LINE#         508
  C:30FBH         LINE#         509
  C:30FEH         LINE#         510
  C:30FEH         LINE#         511
  C:3109H         LINE#         512
  C:3109H         LINE#         513
  C:310EH         LINE#         514
  C:3114H         LINE#         515
  C:3119H         LINE#         516
  C:3119H         LINE#         517
  C:311EH         LINE#         518
  C:311EH         LINE#         519
  C:3120H         LINE#         520
  C:3122H         LINE#         522
  C:3125H         LINE#         523
  C:3125H         LINE#         524
  C:312CH         LINE#         525
  C:312CH         LINE#         526
  C:3130H         LINE#         527
  C:3130H         LINE#         528
  C:3132H         LINE#         530
  C:3132H         LINE#         531
  C:3137H         LINE#         532
  C:3139H         LINE#         533
  C:3139H         LINE#         534
  C:313FH         LINE#         535
  C:313FH         LINE#         539
  C:3144H         LINE#         540
  C:3144H         LINE#         541
  C:314FH         LINE#         542
  C:314FH         LINE#         543
  C:315EH         LINE#         544
  C:315EH         LINE#         545
  C:3166H         LINE#         546
  C:3166H         LINE#         547
  C:3170H         LINE#         548
  C:3170H         LINE#         549
  C:3174H         LINE#         550
  C:3179H         LINE#         551
  C:317CH         LINE#         552
  C:317CH         LINE#         553
  C:3187H         LINE#         554
  C:3187H         LINE#         555
BL51 BANKED LINKER/LOCATER V6.22.2.0                                                  02/22/2021  15:08:13  PAGE 34


  C:318CH         LINE#         556
  C:3192H         LINE#         557
  C:3192H         LINE#         558
  C:3197H         LINE#         559
  C:3197H         LINE#         560
  C:3199H         LINE#         561
  C:319BH         LINE#         563
  C:319EH         LINE#         564
  C:319EH         LINE#         565
  C:31A5H         LINE#         566
  C:31A5H         LINE#         567
  C:31AAH         LINE#         568
  C:31AAH         LINE#         569
  C:31ACH         LINE#         571
  C:31ACH         LINE#         572
  C:31B1H         LINE#         573
  C:31B3H         LINE#         574
  C:31B3H         LINE#         575
  C:31B9H         LINE#         576
  C:31B9H         LINE#         577
  C:31BBH         LINE#         578
  C:31C7H         LINE#         579
  C:31C7H         LINE#         580
  C:31CAH         LINE#         581
  C:31CCH         LINE#         583
  C:31CCH         LINE#         584
  C:31CFH         LINE#         585
  C:31CFH         LINE#         586
  C:31D6H         LINE#         587
  C:31DAH         LINE#         588
[...]
  C:4E14H         SYMBOL        L?0024
  C:4E17H         SYMBOL        L?0025
  C:4E1DH         SYMBOL        L?0026
  C:4E1DH         SYMBOL        L?0027
  -------         PROC          COM0010
  -------         ENDPROC       COM0010
  -------         PROC          _?OSTASKSTKINIT
  x:0003H         SYMBOL        task
  x:0006H         SYMBOL        ppdata
  x:0009H         SYMBOL        ptos
  x:000CH         SYMBOL        opt
  -------         DO            
  x:0000H         SYMBOL        stk
  -------         ENDDO         
  C:44ABH         LINE#         56
  C:44BBH         LINE#         60
  C:44CDH         LINE#         61
  C:44E3H         LINE#         62
  C:44E9H         LINE#         63
  C:44F1H         LINE#         64
  C:4502H         LINE#         65
  C:4505H         LINE#         66
  C:450AH         LINE#         67
  C:450FH         LINE#         68
  C:4513H         LINE#         69
  C:4517H         LINE#         70
  C:451BH         LINE#         71
  C:4522H         LINE#         75
  C:4530H         LINE#         76
  C:4533H         LINE#         77
  C:4538H         LINE#         79
  C:453DH         LINE#         80
  C:4542H         LINE#         81
  C:4547H         LINE#         82
  C:454CH         LINE#         84
  C:455CH         LINE#         85
  C:456AH         LINE#         87
  C:4575H         LINE#         88
  -------         ENDPROC       _?OSTASKSTKINIT
  -------         PROC          USERTICKTIMER
  C:535FH         LINE#         95
  C:535FH         LINE#         96
  C:535FH         LINE#         97
  C:5362H         LINE#         98
  C:5365H         LINE#         99
  C:5367H         LINE#         100
BL51 BANKED LINKER/LOCATER V6.22.2.0                                                  02/22/2021  15:08:13  PAGE 95


  -------         ENDPROC       USERTICKTIMER
  -------         PROC          OSTICKISRUSER
  C:4FFDH         LINE#         105
  C:501AH         LINE#         107
  C:501DH         LINE#         108
  C:5020H         LINE#         109
  C:5023H         LINE#         110
  C:5026H         LINE#         111
  -------         ENDPROC       OSTICKISRUSER
  -------         PROC          _?INITHARDWARE
  C:3685H         LINE#         113
  C:3685H         LINE#         115
  C:3688H         LINE#         116
  C:368EH         LINE#         122
  C:3691H         LINE#         123
  C:3694H         LINE#         124
  C:3697H         LINE#         125
  C:369AH         LINE#         126
  C:369CH         LINE#         127
  C:369EH         LINE#         128
  C:36A5H         LINE#         132
  C:36ABH         LINE#         133
  C:36AFH         LINE#         134
  C:36B3H         LINE#         135
  C:36B7H         LINE#         137
  C:36BDH         LINE#         138
  C:36C2H         LINE#         139
  C:36C5H         LINE#         143
  C:36CBH         LINE#         144
  C:36D0H         LINE#         145
  C:36D3H         LINE#         150
  C:36D9H         LINE#         153
  C:36DFH         LINE#         154
  C:36E2H         LINE#         157
  C:36E5H         LINE#         175
  C:36EBH         LINE#         176
  C:36EFH         LINE#         179
  C:36F5H         LINE#         182
  C:36FBH         LINE#         183
  C:36FDH         LINE#         185
  C:36FFH         LINE#         186
  C:3703H         LINE#         202
  C:3707H         LINE#         205
  C:370BH         LINE#         206
  C:370FH         LINE#         207
  C:3711H         LINE#         208
  C:3713H         LINE#         212
  C:3717H         LINE#         217
  C:371BH         LINE#         218
  C:371DH         LINE#         224
  C:3723H         LINE#         226
  C:3727H         LINE#         230
  C:372CH         LINE#         231
  C:3730H         LINE#         232
  C:3734H         LINE#         234
  C:373AH         LINE#         235
  C:373EH         LINE#         236
BL51 BANKED LINKER/LOCATER V6.22.2.0                                                  02/22/2021  15:08:13  PAGE 96


  C:3742H         LINE#         237
  C:3746H         LINE#         238
  C:374AH         LINE#         240
  C:374DH         LINE#         242
  C:3754H         LINE#         243
  C:375AH         LINE#         245
  C:3760H         LINE#         248
  C:3766H         LINE#         250
  C:376CH         LINE#         251
  C:3772H         LINE#         253
  C:3778H         LINE#         257
  C:377BH         LINE#         258
  C:377EH         LINE#         259
  C:3781H         LINE#         280
  C:3787H         LINE#         281
  C:378EH         LINE#         282
  C:3795H         LINE#         283
  C:3798H         LINE#         287
  C:379EH         LINE#         288
  C:37A5H         LINE#         289
  C:37A8H         LINE#         290
  C:37AAH         LINE#         295
  C:37ADH         LINE#         301
  C:37B3H         LINE#         308
  C:37B9H         LINE#         309
  C:37BFH         LINE#         310
  C:37C5H         LINE#         311
  C:37CAH         LINE#         312
  C:37CDH         LINE#         324
  C:37D0H         LINE#         325
  C:37D3H         LINE#         326
  C:37D6H         LINE#         327
  C:37D9H         LINE#         328
  C:37DCH         LINE#         329
  C:37DEH         LINE#         337
  -------         ENDPROC       _?INITHARDWARE
  -------         PROC          _?OSINITHOOKBEGIN
  C:0004H         LINE#         353
  C:0004H         LINE#         355
  -------         ENDPROC       _?OSINITHOOKBEGIN
  -------         PROC          _?OSINITHOOKEND
  C:0005H         LINE#         371
  C:0005H         LINE#         373
  -------         ENDPROC       _?OSINITHOOKEND
  -------         PROC          _?OSTASKCREATEHOOK
  x:0000H         SYMBOL        ptcb
  C:5368H         LINE#         388
  C:5368H         LINE#         390
  C:536BH         LINE#         391
  -------         ENDPROC       _?OSTASKCREATEHOOK
  -------         PROC          _?OSTASKSWHOOK
  C:0006H         LINE#         426
  C:0006H         LINE#         428
  -------         ENDPROC       _?OSTASKSWHOOK
  -------         PROC          _?OSTCBINITHOOK
  x:0000H         SYMBOL        ptcb
  C:5371H         LINE#         472
BL51 BANKED LINKER/LOCATER V6.22.2.0                                                  02/22/2021  15:08:13  PAGE 97


  C:5371H         LINE#         474
  C:5374H         LINE#         475
  -------         ENDPROC       _?OSTCBINITHOOK
  -------         PROC          _?OSTIMETICKHOOK
  C:0007H         LINE#         491
  C:0007H         LINE#         493
  -------         ENDPROC       _?OSTIMETICKHOOK
  -------         PROC          _?OSTASKIDLEHOOK
  C:0008H         LINE#         509
  C:0008H         LINE#         512
  -------         ENDPROC       _?OSTASKIDLEHOOK
  -------         PROC          _DELAY_2US
  D:0006H         SYMBOL        fui_i
  C:007EH         LINE#         517
  C:007EH         LINE#         518
  C:007EH         LINE#         519
  C:0088H         LINE#         520
  -------         ENDPROC       _DELAY_2US
  -------         ENDMOD        OS_CPU_C

  -------         MODULE        OS_CPU_A
  C:0026H         SEGMENT       ?PR?OSSTARTHIGHRDY?OS_CPU_A
  C:4EF6H         SEGMENT       ?PR?OSCTXSW?OS_CPU_A
  C:5355H         SEGMENT       ?PR?OSINTCTXSW?OS_CPU_A
  I:0021H         SEGMENT       ?STACK
  C:4EF6H         PUBLIC        OSCTXSW
  C:5355H         PUBLIC        OSINTCTXSW
  C:0026H         PUBLIC        OSSTARTHIGHRDY
  D:00E0H         SYMBOL        ACC
  D:00F0H         SYMBOL        B
  D:0083H         SYMBOL        DPH
  D:0082H         SYMBOL        DPL
  B:00A8H.7       SYMBOL        EA
  C:0029H         SYMBOL        OSCTXSW_IN
  C:4F18H         SYMBOL        OSINTCTXSW_IN
  I:0022H         SYMBOL        OSSTACK
  I:0021H         SYMBOL        OSSTKSTART
  N:0000H         SYMBOL        OS_CPU_A
  D:00D0H         SYMBOL        PSW
  C:003FH         SYMBOL        RESTORE_STACK
  C:4F34H         SYMBOL        SAVE_STACK
  D:0081H         SYMBOL        SP
  D:008CH         SYMBOL        TH0
  D:008AH         SYMBOL        TL0
  B:0088H.4       SYMBOL        TR0
  C:0026H         LINE#         142
  C:0029H         LINE#         147
  C:002BH         LINE#         148
  C:002CH         LINE#         149
  C:002EH         LINE#         150
  C:002FH         LINE#         151
  C:0031H         LINE#         154
  C:0032H         LINE#         155
  C:0033H         LINE#         156
  C:0034H         LINE#         157
  C:0035H         LINE#         158
  C:0036H         LINE#         159
BL51 BANKED LINKER/LOCATER V6.22.2.0                                                  02/22/2021  15:08:13  PAGE 98


  C:0037H         LINE#         160
  C:0039H         LINE#         161
  C:003BH         LINE#         164
  C:003CH         LINE#         165
  C:003DH         LINE#         168
  C:003FH         LINE#         172
  C:0040H         LINE#         173
  C:0041H         LINE#         174
  C:0042H         LINE#         175
  C:0043H         LINE#         176
  C:0045H         LINE#         179
  C:0047H         LINE#         182
  C:0048H         LINE#         183
  C:0049H         LINE#         184
  C:004BH         LINE#         185
  C:004CH         LINE#         186
  C:004DH         LINE#         187
  C:004FH         LINE#         190
  C:0051H         LINE#         191
  C:0053H         LINE#         193
  C:0055H         LINE#         193
  C:0056H         LINE#         193
  C:0058H         LINE#         193
  C:0059H         LINE#         193
  C:005BH         LINE#         193
  C:005CH         LINE#         193
  C:005EH         LINE#         193
  C:005FH         LINE#         193
  C:0061H         LINE#         193
  C:0062H         LINE#         193
  C:0064H         LINE#         193
  C:0065H         LINE#         193
  C:0067H         LINE#         193
  C:0068H         LINE#         193
  C:006AH         LINE#         193
  C:006BH         LINE#         193
  C:006DH         LINE#         193
  C:006FH         LINE#         193
  C:0071H         LINE#         193
  C:0073H         LINE#         193
  C:0075H         LINE#         194
  C:0077H         LINE#         195
  C:4EF6H         LINE#         199
  C:4EF8H         LINE#         199
  C:4EFAH         LINE#         199
  C:4EFCH         LINE#         199
  C:4EFEH         LINE#         199
  C:4F00H         LINE#         199
  C:4F01H         LINE#         199
  C:4F03H         LINE#         199
  C:4F04H         LINE#         199
  C:4F06H         LINE#         199
  C:4F07H         LINE#         199
  C:4F09H         LINE#         199
  C:4F0AH         LINE#         199
  C:4F0CH         LINE#         199
  C:4F0DH         LINE#         199
BL51 BANKED LINKER/LOCATER V6.22.2.0                                                  02/22/2021  15:08:13  PAGE 99


  C:4F0FH         LINE#         199
  C:4F10H         LINE#         199
  C:4F12H         LINE#         199
  C:4F13H         LINE#         199
  C:4F15H         LINE#         199
  C:4F16H         LINE#         199
  C:4F18H         LINE#         204
  C:4F1AH         LINE#         205
  C:4F1BH         LINE#         206
  C:4F1DH         LINE#         207
  C:4F1EH         LINE#         210
  C:4F20H         LINE#         211
  C:4F21H         LINE#         212
  C:4F23H         LINE#         213
  C:4F24H         LINE#         214
  C:4F26H         LINE#         217
  C:4F27H         LINE#         218
  C:4F28H         LINE#         219
  C:4F29H         LINE#         220
  C:4F2AH         LINE#         221
  C:4F2BH         LINE#         222
  C:4F2CH         LINE#         223
  C:4F2EH         LINE#         224
  C:4F30H         LINE#         227
  C:4F31H         LINE#         228
  C:4F32H         LINE#         230
  C:4F34H         LINE#         233
  C:4F35H         LINE#         234
  C:4F36H         LINE#         235
  C:4F37H         LINE#         236
  C:4F38H         LINE#         237
  C:4F3AH         LINE#         240
  C:4F3BH         LINE#         241
  C:4F3DH         LINE#         242
  C:4F3EH         LINE#         243
  C:4F3FH         LINE#         244
  C:4F41H         LINE#         245
  C:4F42H         LINE#         248
  C:4F45H         LINE#         251
  C:4F47H         LINE#         252
  C:4F49H         LINE#         253
  C:4F4AH         LINE#         254
  C:4F4BH         LINE#         255
  C:4F4CH         LINE#         256
  C:4F4DH         LINE#         257
  C:4F4EH         LINE#         258
  C:4F4FH         LINE#         259
  C:4F50H         LINE#         260
  C:4F51H         LINE#         261
  C:4F52H         LINE#         262
  C:4F53H         LINE#         265
  C:4F55H         LINE#         266
  C:4F57H         LINE#         267
  C:4F58H         LINE#         268
  C:4F59H         LINE#         270
  C:5355H         LINE#         279
  C:5357H         LINE#         280
BL51 BANKED LINKER/LOCATER V6.22.2.0                                                  02/22/2021  15:08:13  PAGE 100


  C:5358H         LINE#         281
  C:535AH         LINE#         282
  C:535CH         LINE#         284
  -------         ENDMOD        OS_CPU_A

  -------         MODULE        ?C?FPADD
  C:10C5H         PUBLIC        ?C?FPADD
  C:10C1H         PUBLIC        ?C?FPSUB
  -------         ENDMOD        ?C?FPADD

  -------         MODULE        ?C?FPDIV
  C:11B9H         PUBLIC        ?C?FPDIV
  -------         ENDMOD        ?C?FPDIV

  -------         MODULE        ?C?FCAST
  C:1260H         PUBLIC        ?C?FCASTC
  C:125BH         PUBLIC        ?C?FCASTI
  C:1256H         PUBLIC        ?C?FCASTL
  -------         ENDMOD        ?C?FCAST

  -------         MODULE        ?C?CASTF
  C:1294H         PUBLIC        ?C?CASTF
  -------         ENDMOD        ?C?CASTF

  -------         MODULE        ?C?CLDPTR
  C:1315H         PUBLIC        ?C?CLDPTR
  -------         ENDMOD        ?C?CLDPTR

  -------         MODULE        ?C?CLDOPTR
  C:132EH         PUBLIC        ?C?CLDOPTR
  -------         ENDMOD        ?C?CLDOPTR

  -------         MODULE        ?C?CSTPTR
  C:135BH         PUBLIC        ?C?CSTPTR
  -------         ENDMOD        ?C?CSTPTR

  -------         MODULE        ?C?CSTOPTR
  C:136DH         PUBLIC        ?C?CSTOPTR
  -------         ENDMOD        ?C?CSTOPTR

  -------         MODULE        ?C?IMUL
  C:138FH         PUBLIC        ?C?IMUL
  -------         ENDMOD        ?C?IMUL

  -------         MODULE        ?C?UIDIV
  C:13A1H         PUBLIC        ?C?UIDIV
  -------         ENDMOD        ?C?UIDIV

  -------         MODULE        ?C?SIDIV
  C:13F6H         PUBLIC        ?C?SIDIV
  -------         ENDMOD        ?C?SIDIV

  -------         MODULE        ?C?IILDX
  C:142CH         PUBLIC        ?C?IILDX
  -------         ENDMOD        ?C?IILDX

  -------         MODULE        ?C?ILDIX
BL51 BANKED LINKER/LOCATER V6.22.2.0                                                  02/22/2021  15:08:13  PAGE 101


  C:1442H         PUBLIC        ?C?ILDIX
  -------         ENDMOD        ?C?ILDIX

  -------         MODULE        ?C?ILDOPTR
  C:1458H         PUBLIC        ?C?ILDOPTR
  -------         ENDMOD        ?C?ILDOPTR

  -------         MODULE        ?C?ISTOPTR
  C:1490H         PUBLIC        ?C?ISTOPTR
  -------         ENDMOD        ?C?ISTOPTR

  -------         MODULE        ?C?LMUL
  C:14BDH         PUBLIC        ?C?LMUL
  -------         ENDMOD        ?C?LMUL

  -------         MODULE        ?C?ULDIV
  C:1548H         PUBLIC        ?C?ULDIV
  -------         ENDMOD        ?C?ULDIV

  -------         MODULE        ?C?LNEG
  C:15DAH         PUBLIC        ?C?LNEG
  -------         ENDMOD        ?C?LNEG

  -------         MODULE        ?C?ULCMP
  C:15E8H         PUBLIC        ?C?ULCMP
  -------         ENDMOD        ?C?ULCMP

  -------         MODULE        ?C?LLDOPTR
  C:15F9H         PUBLIC        ?C?LLDOPTR
  -------         ENDMOD        ?C?LLDOPTR

  -------         MODULE        ?C?LSTOPTR
  C:1629H         PUBLIC        ?C?LSTOPTR
  -------         ENDMOD        ?C?LSTOPTR

  -------         MODULE        ?C?LSTXDATA
  C:164DH         PUBLIC        ?C?LSTXDATA
  -------         ENDMOD        ?C?LSTXDATA

  -------         MODULE        ?C?LSTKXDATA
  C:1659H         PUBLIC        ?C?LSTKXDATA
  -------         ENDMOD        ?C?LSTKXDATA

  -------         MODULE        ?C?LSTKOPTR
  C:168AH         PUBLIC        ?C?LSTKOPTR
  -------         ENDMOD        ?C?LSTKOPTR

  -------         MODULE        ?C?PSTPTR
  C:16AEH         PUBLIC        ?C?PSTPTR
  -------         ENDMOD        ?C?PSTPTR

  -------         MODULE        ?C?PLDOPTR
  C:16FDH         PUBLIC        ?C?PLDOPTR
  -------         ENDMOD        ?C?PLDOPTR

  -------         MODULE        ?C?PSTOPTR
  C:172DH         PUBLIC        ?C?PSTOPTR
BL51 BANKED LINKER/LOCATER V6.22.2.0                                                  02/22/2021  15:08:13  PAGE 102


  -------         ENDMOD        ?C?PSTOPTR

  -------         MODULE        ?C_XBP
  D:0008H         PUBLIC        ?C_XBP
  -------         ENDMOD        ?C_XBP

  -------         MODULE        ?C?ADDXBP
  C:1786H         PUBLIC        ?C?ADDXBP
  -------         ENDMOD        ?C?ADDXBP

  -------         MODULE        ?C?XBPOFF
  C:17AAH         PUBLIC        ?C?XBPOFF
  -------         ENDMOD        ?C?XBPOFF

  -------         MODULE        ?C?LIMUL
  C:17B7H         PUBLIC        ?C?LIMUL
  -------         ENDMOD        ?C?LIMUL

  -------         MODULE        ?C?LLDIDATA
  C:17E4H         PUBLIC        ?C?LLDIDATA
  -------         ENDMOD        ?C?LLDIDATA

  -------         MODULE        ?C?LLDXDATA
  C:17F0H         PUBLIC        ?C?LLDXDATA
  -------         ENDMOD        ?C?LLDXDATA

  -------         MODULE        ?C?LLDPDATA
  C:17FCH         PUBLIC        ?C?LLDPDATA
  -------         ENDMOD        ?C?LLDPDATA

  -------         MODULE        ?C?LLDCODE
  C:1808H         PUBLIC        ?C?LLDCODE
  -------         ENDMOD        ?C?LLDCODE

  -------         MODULE        ?C?LSTIDATA
  C:1818H         PUBLIC        ?C?LSTIDATA
  -------         ENDMOD        ?C?LSTIDATA

  -------         MODULE        ?C?LSTPDATA
  C:1824H         PUBLIC        ?C?LSTPDATA
  -------         ENDMOD        ?C?LSTPDATA

  -------         MODULE        ?C?LSTKIDATA
  C:1830H         PUBLIC        ?C?LSTKIDATA
  -------         ENDMOD        ?C?LSTKIDATA

  -------         MODULE        ?C?LSTKPDATA
  C:1849H         PUBLIC        ?C?LSTKPDATA
  -------         ENDMOD        ?C?LSTKPDATA

  -------         MODULE        ?C?PLDIDATA
  C:1862H         PUBLIC        ?C?PLDIDATA
  -------         ENDMOD        ?C?PLDIDATA

  -------         MODULE        ?C?PSTIDATA
  C:186BH         PUBLIC        ?C?PSTIDATA
  -------         ENDMOD        ?C?PSTIDATA
BL51 BANKED LINKER/LOCATER V6.22.2.0                                                  02/22/2021  15:08:13  PAGE 103



  -------         MODULE        ?C?PLDXDATA
  C:1874H         PUBLIC        ?C?PLDXDATA
  -------         ENDMOD        ?C?PLDXDATA

  -------         MODULE        ?C?PSTXDATA
  C:187DH         PUBLIC        ?C?PSTXDATA
  -------         ENDMOD        ?C?PSTXDATA

  -------         MODULE        ?C?PLDPDATA
  C:1886H         PUBLIC        ?C?PLDPDATA
  -------         ENDMOD        ?C?PLDPDATA

  -------         MODULE        ?C?PSTPDATA
  C:188FH         PUBLIC        ?C?PSTPDATA
  -------         ENDMOD        ?C?PSTPDATA

  -------         MODULE        ?C?PLDCODE
  C:1898H         PUBLIC        ?C?PLDCODE
  -------         ENDMOD        ?C?PLDCODE

*** WARNING L16: UNCALLED SEGMENT, IGNORED FOR OVERLAY PROCESS
    SEGMENT: ?PR?_?OSTASKRESUME?OS_TASK

*** WARNING L16: UNCALLED SEGMENT, IGNORED FOR OVERLAY PROCESS
    SEGMENT: ?PR?_?OSTASKSUSPEND?OS_TASK

*** WARNING L16: UNCALLED SEGMENT, IGNORED FOR OVERLAY PROCESS
    SEGMENT: ?PR?_?OSTIMEDLYHMSM?OS_TIME

Program Size: data=84.7 xdata=938 code=21358
LINK/LOCATE RUN COMPLETE.  3 WARNING(S),  0 ERROR(S)
